Archive member included to satisfy reference by file (symbol)

bin\core.a(memcpy-armv7m.o)   bin\src/myAPP.o (memcpy)
bin\core.a(usb_serial.o)      bin\src/myAPP.o (usb_serial_getchar)
bin\core.a(mk20dx128.o)       bin\src/dma.o (_VectorsRam)
bin\core.a(pins_teensy.o)     bin\src/hibernate.o (attachInterruptVector)
bin\core.a(usb_mem.o)         bin\core.a(usb_serial.o) (usb_malloc)
bin\core.a(usb_dev.o)         bin\core.a(usb_serial.o) (usb_rx)
bin\core.a(DMAChannel.o)      bin\lib/SPI/SPI.o (DMAChannel::begin(bool))
bin\core.a(EventResponder.o)  bin\lib/SPI/SPI.o (EventResponder::triggerEventNotImmediate())
bin\core.a(avr_emulation.o)   bin\lib/SPI/SPI.o (SPCRemulation::pinout)
bin\core.a(usb_inst.o)        bin\src/myAPP.o (Serial)
bin\core.a(Print.o)           bin\src/myAPP.o (Print::write(unsigned char const*, unsigned int))
bin\core.a(WString.o)         bin\core.a(Print.o) (String::getBytes(unsigned char*, unsigned int, unsigned int) const)
bin\core.a(main.o)            c:/users/walter/documents/arduino-1.8.8/hardware/tools/arm/bin/../lib/gcc/arm-none-eabi/5.4.1/../../../../arm-none-eabi/lib/armv7e-m/fpu/crt0.o (main)
bin\core.a(AudioStream.o)     bin\src/AudioInterface.o (AudioStream::allocate())
bin\core.a(Stream.o)          bin\src/myAPP.o (Stream::parseInt())
bin\core.a(new.o)             bin\lib/SPI/SPI.o (operator new(unsigned int))
bin\core.a(analog.o)          bin\core.a(pins_teensy.o) (analog_init)
bin\core.a(usb_desc.o)        bin\core.a(usb_dev.o) (usb_init_serialnumber)
bin\core.a(nonstd.o)          bin\core.a(WString.o) (ultoa)
c:/users/walter/documents/arduino-1.8.8/hardware/tools/arm/bin/../lib/gcc/arm-none-eabi/5.4.1/armv7e-m/fpu\libgcc.a(_arm_addsubdf3.o)
                              bin\lib/SdFs/src/common//FmtNumber.o (__aeabi_dsub)
c:/users/walter/documents/arduino-1.8.8/hardware/tools/arm/bin/../lib/gcc/arm-none-eabi/5.4.1/armv7e-m/fpu\libgcc.a(_arm_muldivdf3.o)
                              bin\lib/SdFs/src/common//FmtNumber.o (__aeabi_dmul)
c:/users/walter/documents/arduino-1.8.8/hardware/tools/arm/bin/../lib/gcc/arm-none-eabi/5.4.1/armv7e-m/fpu\libgcc.a(_arm_cmpdf2.o)
                              bin\lib/SdFs/src/common//FmtNumber.o (__aeabi_dcmpeq)
c:/users/walter/documents/arduino-1.8.8/hardware/tools/arm/bin/../lib/gcc/arm-none-eabi/5.4.1/armv7e-m/fpu\libgcc.a(_arm_unorddf2.o)
                              bin\lib/SdFs/src/common//FmtNumber.o (__aeabi_dcmpun)
c:/users/walter/documents/arduino-1.8.8/hardware/tools/arm/bin/../lib/gcc/arm-none-eabi/5.4.1/armv7e-m/fpu\libgcc.a(_arm_fixdfsi.o)
                              bin\lib/SdFs/src/iostream//ostream.o (__aeabi_d2iz)
c:/users/walter/documents/arduino-1.8.8/hardware/tools/arm/bin/../lib/gcc/arm-none-eabi/5.4.1/armv7e-m/fpu\libgcc.a(_arm_fixunsdfsi.o)
                              bin\lib/SdFs/src/common//FmtNumber.o (__aeabi_d2uiz)
c:/users/walter/documents/arduino-1.8.8/hardware/tools/arm/bin/../lib/gcc/arm-none-eabi/5.4.1/armv7e-m/fpu\libgcc.a(_arm_truncdfsf2.o)
                              bin\core.a(WString.o) (__aeabi_d2f)
c:/users/walter/documents/arduino-1.8.8/hardware/tools/arm/bin/../lib/gcc/arm-none-eabi/5.4.1/armv7e-m/fpu\libgcc.a(_arm_addsubsf3.o)
                              bin\src/I2S.o (__aeabi_l2f)
c:/users/walter/documents/arduino-1.8.8/hardware/tools/arm/bin/../lib/gcc/arm-none-eabi/5.4.1/armv7e-m/fpu\libgcc.a(_aeabi_ldivmod.o)
                              bin\src/I2S.o (__aeabi_ldivmod)
c:/users/walter/documents/arduino-1.8.8/hardware/tools/arm/bin/../lib/gcc/arm-none-eabi/5.4.1/armv7e-m/fpu\libgcc.a(_aeabi_uldivmod.o)
                              bin\lib/SdFs/src/ExFatLib//ExFatFilePrint.o (__aeabi_uldivmod)
c:/users/walter/documents/arduino-1.8.8/hardware/tools/arm/bin/../lib/gcc/arm-none-eabi/5.4.1/armv7e-m/fpu\libgcc.a(_fixsfdi.o)
                              bin\src/I2S.o (__aeabi_f2lz)
c:/users/walter/documents/arduino-1.8.8/hardware/tools/arm/bin/../lib/gcc/arm-none-eabi/5.4.1/armv7e-m/fpu\libgcc.a(_fixunssfdi.o)
                              c:/users/walter/documents/arduino-1.8.8/hardware/tools/arm/bin/../lib/gcc/arm-none-eabi/5.4.1/armv7e-m/fpu\libgcc.a(_fixsfdi.o) (__aeabi_f2ulz)
c:/users/walter/documents/arduino-1.8.8/hardware/tools/arm/bin/../lib/gcc/arm-none-eabi/5.4.1/armv7e-m/fpu\libgcc.a(_udivmoddi4.o)
                              c:/users/walter/documents/arduino-1.8.8/hardware/tools/arm/bin/../lib/gcc/arm-none-eabi/5.4.1/armv7e-m/fpu\libgcc.a(_aeabi_ldivmod.o) (__udivmoddi4)
c:/users/walter/documents/arduino-1.8.8/hardware/tools/arm/bin/../lib/gcc/arm-none-eabi/5.4.1/armv7e-m/fpu\libgcc.a(_dvmd_tls.o)
                              c:/users/walter/documents/arduino-1.8.8/hardware/tools/arm/bin/../lib/gcc/arm-none-eabi/5.4.1/armv7e-m/fpu\libgcc.a(_aeabi_ldivmod.o) (__aeabi_ldiv0)
c:/users/walter/documents/arduino-1.8.8/hardware/tools/arm/bin/../lib/gcc/arm-none-eabi/5.4.1/../../../../arm-none-eabi/lib/armv7e-m/fpu\libc.a(lib_a-aeabi_atexit.o)
[...]
Memory Configuration

Name             Origin             Length             Attributes
FLASH            0x00000000         0x00100000         xr
RAM              0x1fff0000         0x00040000         xrw
*default*        0x00000000         0xffffffff

Linker script and memory map

LOAD c:/users/walter/documents/arduino-1.8.8/hardware/tools/arm/bin/../lib/gcc/arm-none-eabi/5.4.1/armv7e-m/fpu/crti.o
LOAD c:/users/walter/documents/arduino-1.8.8/hardware/tools/arm/bin/../lib/gcc/arm-none-eabi/5.4.1/armv7e-m/fpu/crtbegin.o
LOAD c:/users/walter/documents/arduino-1.8.8/hardware/tools/arm/bin/../lib/gcc/arm-none-eabi/5.4.1/../../../../arm-none-eabi/lib/armv7e-m/fpu/crt0.o
                0x5dbd7053                __rtc_localtime = 0x5dbd7053
LOAD bin\src/I2S.o
LOAD bin\src/dma.o
LOAD bin\src/hibernate.o
LOAD bin\src/AudioInterface.o
LOAD bin\src/myAPP.o
LOAD bin\src/ICS43432.o
LOAD bin\lib/SPI/SPI.o
LOAD bin\lib/Wire/Wire.o
LOAD bin\lib/Wire/WireKinetis.o
LOAD bin\lib/Wire/WireIMXRT.o
LOAD bin\lib/SdFs/src//MinimumSerial.o
LOAD bin\lib/SdFs/src//FsFile.o
LOAD bin\lib/SdFs/src//FsVolume.o
LOAD bin\lib/SdFs/src/common//FsNew.o
LOAD bin\lib/SdFs/src/common//FsStructs.o
LOAD bin\lib/SdFs/src/common//FmtNumber.o
LOAD bin\lib/SdFs/src/common//FsDateTime.o
LOAD bin\lib/SdFs/src/ExFatLib//ExFatFormatter.o
LOAD bin\lib/SdFs/src/ExFatLib//ExFatFile.o
LOAD bin\lib/SdFs/src/ExFatLib//ExFatFilePrint.o
LOAD bin\lib/SdFs/src/ExFatLib//ExFatPartition.o
LOAD bin\lib/SdFs/src/ExFatLib//ExFatVolume.o
LOAD bin\lib/SdFs/src/ExFatLib//upcase.o
LOAD bin\lib/SdFs/src/ExFatLib//ExFatDbg.o
LOAD bin\lib/SdFs/src/ExFatLib//ExFatFileWrite.o
LOAD bin\lib/SdFs/src/FatLib//FatFormatter.o
LOAD bin\lib/SdFs/src/FatLib//FatFile.o
LOAD bin\lib/SdFs/src/FatLib//FatFilePrint.o
LOAD bin\lib/SdFs/src/FatLib//FatPartition.o
LOAD bin\lib/SdFs/src/FatLib//FatVolume.o
LOAD bin\lib/SdFs/src/FatLib//FatFileLFN.o
LOAD bin\lib/SdFs/src/FatLib//FatFileSFN.o
LOAD bin\lib/SdFs/src/iostream//istream.o
LOAD bin\lib/SdFs/src/iostream//ostream.o
LOAD bin\lib/SdFs/src/SdCard//SdSpiCard.o
LOAD bin\lib/SdFs/src/SdCard//SdioTeensy.o
LOAD bin\lib/SdFs/src/SdCard//SdCardInfo.o
LOAD bin\lib/SdFs/src/SpiDriver//SdSpiSAM3X.o
LOAD bin\lib/SdFs/src/SpiDriver//SdSpiESP8266.o
LOAD bin\lib/SdFs/src/SpiDriver//SdSpiTeensy3.o
LOAD bin\lib/SdFs/src/SpiDriver//SdSpiSTM32F1.o
LOAD bin\lib/Wire/utility/twi.o
LOAD bin\core.a
LOAD c:/users/walter/documents/arduino-1.8.8/hardware/tools/arm/bin/../lib/gcc/arm-none-eabi/5.4.1/../../../../arm-none-eabi/lib\libarm_cortexM4lf_math.a
LOAD c:/users/walter/documents/arduino-1.8.8/hardware/tools/arm/bin/../lib/gcc/arm-none-eabi/5.4.1/../../../../arm-none-eabi/lib/armv7e-m/fpu\libm.a
START GROUP
LOAD c:/users/walter/documents/arduino-1.8.8/hardware/tools/arm/bin/../lib/gcc/arm-none-eabi/5.4.1/armv7e-m/fpu\libgcc.a
LOAD c:/users/walter/documents/arduino-1.8.8/hardware/tools/arm/bin/../lib/gcc/arm-none-eabi/5.4.1/../../../../arm-none-eabi/lib/armv7e-m/fpu\libc.a
END GROUP
LOAD c:/users/walter/documents/arduino-1.8.8/hardware/tools/arm/bin/../lib/gcc/arm-none-eabi/5.4.1/armv7e-m/fpu/crtend.o
LOAD c:/users/walter/documents/arduino-1.8.8/hardware/tools/arm/bin/../lib/gcc/arm-none-eabi/5.4.1/armv7e-m/fpu/crtn.o

.text           0x00000000    0x14324
                0x00000000                . = 0x0
 *(.vectors)
 .vectors       0x00000000      0x1d0 bin\core.a(mk20dx128.o)
                0x00000000                _VectorsFlash
 *(.startup*)
 .startup       0x000001d0      0x1f0 bin\core.a(mk20dx128.o)
                0x000001d0                ResetHandler
                0x00000400                . = 0x400
 *fill*         0x000003c0       0x40 ff
 *(.flashconfig*)
 .flashconfig   0x00000400       0x10 bin\core.a(mk20dx128.o)
                0x00000400                flashconfigbytes
 *(.text*)
 .text          0x00000410       0x5c c:/users/walter/documents/arduino-1.8.8/hardware/tools/arm/bin/../lib/gcc/arm-none-eabi/5.4.1/armv7e-m/fpu/crtbegin.o
 .text.i2s_stopClock
                0x0000046c       0x10 bin\src/I2S.o
                0x0000046c                i2s_stopClock
 .text.i2s_init
                0x0000047c       0x10 bin\src/I2S.o
                0x0000047c                i2s_init
 .text.i2s_speedConfig
                0x0000048c      0x2a8 bin\src/I2S.o
                0x0000048c                i2s_speedConfig
 .text.i2s_config
                0x00000734      0x1b4 bin\src/I2S.o
                0x00000734                i2s_config
 .text.i2s_configurePorts
                0x000008e8       0x60 bin\src/I2S.o
                0x000008e8                i2s_configurePorts
 .text.m_i2s_rx_isr
                0x00000948       0x4c bin\src/I2S.o
                0x00000948                m_i2s_rx_isr
 .text.i2s_setupInput
                0x00000994      0x134 bin\src/I2S.o
                0x00000994                i2s_setupInput
 .text.i2s_stopInput
                0x00000ac8       0x10 bin\src/I2S.o
                0x00000ac8                i2s_stopInput
 .text.i2s_startInput
                0x00000ad8       0x10 bin\src/I2S.o
                0x00000ad8                i2s_startInput
 .text.i2s_enableInputDMA
                0x00000ae8       0x24 bin\src/I2S.o
                0x00000ae8                i2s_enableInputDMA
 .text.DMA_init
                0x00000b0c       0x30 bin\src/dma.o
                0x00000b0c                DMA_init
 .text.DMA_allocate
                0x00000b3c       0xb0 bin\src/dma.o
                0x00000b3c                DMA_allocate
 .text.DMA_source
                0x00000bec       0x30 bin\src/dma.o
                0x00000bec                DMA_source
 .text.DMA_source_2ch
                0x00000c1c       0x38 bin\src/dma.o
                0x00000c1c                DMA_source_2ch
 .text.DMA_destinationBuffer
                0x00000c54       0x34 bin\src/dma.o
                0x00000c54                DMA_destinationBuffer
 .text.DMA_destinationBuffer_2ch
                0x00000c88       0x38 bin\src/dma.o
                0x00000c88                DMA_destinationBuffer_2ch
 .text.DMA_interruptAtCompletion
                0x00000cc0        0xc bin\src/dma.o
                0x00000cc0                DMA_interruptAtCompletion
 .text.DMA_interruptAtHalf
                0x00000ccc        0xc bin\src/dma.o
                0x00000ccc                DMA_interruptAtHalf
 .text.DMA_enable
                0x00000cd8        0xc bin\src/dma.o
                0x00000cd8                DMA_enable
 .text.DMA_disable
                0x00000ce4        0xc bin\src/dma.o
                0x00000ce4                DMA_disable
 .text.DMA_haltAll
                0x00000cf0       0x10 bin\src/dma.o
                0x00000cf0                DMA_haltAll
 .text.DMA_startAll
                0x00000d00       0x10 bin\src/dma.o
                0x00000d00                DMA_startAll
 .text.DMA_destinationAddress
                0x00000d10        0x8 bin\src/dma.o
                0x00000d10                DMA_destinationAddress
 .text.DMA_triggerAtHardwareEvent
                0x00000d18       0x1c bin\src/dma.o
                0x00000d18                DMA_triggerAtHardwareEvent
 .text.DMA_attachInterrupt
                0x00000d34       0x44 bin\src/dma.o
                0x00000d34                DMA_attachInterrupt
 .text.DMA_clearInterrupt
                0x00000d78        0xc bin\src/dma.o
                0x00000d78                DMA_clearInterrupt
 .text.llwuISR  0x00000d84       0x1c bin\src/hibernate.o
 .text.hibernate
                0x00000da0      0x15c bin\src/hibernate.o
                0x00000da0                hibernate
 .text._ZN5Print17availableForWriteEv
                0x00000efc        0x4 bin\src/myAPP.o
                0x00000efc                Print::availableForWrite()
 .text._ZN15SdCardInterface6statusEv
                0x00000f00        0x8 bin\src/myAPP.o
                0x00000f00                SdCardInterface::status()
 .text._Z13mySystick_isrv
                0x00000f08       0x10 bin\src/myAPP.o
                0x00000f08                mySystick_isr()
 .text._ZN6LoggerIlLi300ELi128ELi64EE5drainEv
                0x00000f18       0x84 bin\src/myAPP.o
                0x00000f18                Logger<long, 300, 128, 64>::drain()
 .text._ZN6LoggerIlLi300ELi128ELi64EE12haveFinishedEv
                0x00000f9c        0xc bin\src/myAPP.o
                0x00000f9c                Logger<long, 300, 128, 64>::haveFinished()
 .text._ZN5c_mFSD2Ev
                0x00000fa8       0x1c bin\src/myAPP.o
                0x00000fa8                c_mFS::~c_mFS()
                0x00000fa8                c_mFS::~c_mFS()
 .text._ZN6FsFile4peekEv
                0x00000fc4       0x18 bin\src/myAPP.o
                0x00000fc4                FsFile::peek()
 .text._ZN6FsFile5flushEv
                0x00000fdc       0x14 bin\src/myAPP.o
                0x00000fdc                FsFile::flush()
 .text._ZN6FsFile9availableEv
                0x00000ff0       0x58 bin\src/myAPP.o
                0x00000ff0                FsFile::available()
 .text._ZN6FsFile4readEv
                0x00001048       0x38 bin\src/myAPP.o
                0x00001048                FsFile::read()
 .text._ZN6FsFile5writeEh
                0x00001080       0x34 bin\src/myAPP.o
                0x00001080                FsFile::write(unsigned char)
 .text._ZN6LoggerIlLi300ELi128ELi64EE5writeEPv
                0x000010b4       0x64 bin\src/myAPP.o
                0x000010b4                Logger<long, 300, 128, 64>::write(void*)
 .text._ZN5Print5writeEPKc
                0x00001118       0x1c bin\src/myAPP.o
                0x00001118                Print::write(char const*)
 .text._ZN5Print7printlnEPK19__FlashStringHelper
                0x00001134       0x24 bin\src/myAPP.o
                0x00001134                Print::println(__FlashStringHelper const*)
 .text._Z10seconds2tmm
                0x00001158      0x338 bin\src/myAPP.o
                0x00001158                seconds2tm(unsigned long)
 .text._Z8dateTimePtS_
                0x00001490       0x84 bin\src/myAPP.o
                0x00001490                dateTime(unsigned short*, unsigned short*)
 .text._Z10tm2secondsP2tm
                0x00001514      0x13c bin\src/myAPP.o
                0x00001514                tm2seconds(tm*)
 .text.i2sInProcessing
                0x00001650       0xb8 bin\src/myAPP.o
                0x00001650                i2sInProcessing
 .text.yield    0x00001708        0x4 bin\src/myAPP.o
                0x00001708                yield
 .text._Z15check_hibernateP12parameters_si
                0x0000170c      0x134 bin\src/myAPP.o
                0x0000170c                check_hibernate(parameters_s*, int)
 .text._Z10encode_macPc
                0x00001840      0x15c bin\src/myAPP.o
                0x00001840                encode_mac(char*)
 .text._ZL8printAllv
                0x0000199c      0x1a0 bin\src/myAPP.o
 .text._Z6doMenuv
                0x00001b3c      0x31c bin\src/myAPP.o
                0x00001b3c                doMenu()
 .text._ZN6SdBaseI8FsVolumeE9errorHaltEP5Print
                0x00001e58       0x98 bin\src/myAPP.o
                0x00001e58                SdBase<FsVolume>::errorHalt(Print*)
 .text._ZN6SdBaseI8FsVolumeE9errorHaltEPKc
                0x00001ef0       0x28 bin\src/myAPP.o
                0x00001ef0                SdBase<FsVolume>::errorHalt(char const*)
 .text._Z14logLightSensorv
                0x00001f18       0xb4 bin\src/myAPP.o
                0x00001f18                logLightSensor()
 .text._Z10readConfigPv
                0x00001fcc       0xcc bin\src/myAPP.o
                0x00001fcc                readConfig(void*)
 .text._Z11storeConfigPv
                0x00002098       0xd8 bin\src/myAPP.o
                0x00002098                storeConfig(void*)
 .text.setup    0x00002170      0x4cc bin\src/myAPP.o
                0x00002170                setup
 .text.loop     0x0000263c      0x310 bin\src/myAPP.o
                0x0000263c                loop
 .text.startup._GLOBAL__sub_I_parameters
                0x0000294c       0xac bin\src/myAPP.o
 .text._ZN10c_ICS434324initElPlmt
                0x000029f8       0x80 bin\src/ICS43432.o
                0x000029f8                c_ICS43432::init(long, long*, unsigned long, unsigned short)
 .text._ZN10c_ICS434325startEv
                0x00002a78       0x14 bin\src/ICS43432.o
                0x00002a78                c_ICS43432::start()
 .text._ZN10c_ICS434324stopEv
                0x00002a8c       0x10 bin\src/ICS43432.o
                0x00002a8c                c_ICS43432::stop()
 .text._ZN10c_ICS434324exitEv
                0x00002a9c        0x4 bin\src/ICS43432.o
                0x00002a9c                c_ICS43432::exit()
 .text._ZN14EventResponder12triggerEventEiPv
                0x00002aa0       0x1c bin\lib/SPI/SPI.o
                0x00002aa0                EventResponder::triggerEvent(int, void*)
 .text._ZN8SPIClass8transferEPKvPvj.part.10
                0x00002abc      0x1f8 bin\lib/SPI/SPI.o
 .text._ZN8SPIClass8transferEPKvPvj
                0x00002cb4        0x8 bin\lib/SPI/SPI.o
                0x00002cb4                SPIClass::transfer(void const*, void*, unsigned int)
 .text._ZN7TwoWire9availableEv
                0x00002cbc        0xc bin\lib/Wire/WireKinetis.o
                0x00002cbc                TwoWire::available()
 .text._ZN7TwoWire4readEv
                0x00002cc8       0x20 bin\lib/Wire/WireKinetis.o
                0x00002cc8                TwoWire::read()
 .text._ZN7TwoWire4peekEv
                0x00002ce8       0x18 bin\lib/Wire/WireKinetis.o
                0x00002ce8                TwoWire::peek()
 .text._ZN7TwoWire5flushEv
                0x00002d00        0x4 bin\lib/Wire/WireKinetis.o
                0x00002d00                TwoWire::flush()
 .text._ZN7TwoWire5writeEPKhj
                0x00002d04       0x3c bin\lib/Wire/WireKinetis.o
                0x00002d04                TwoWire::write(unsigned char const*, unsigned int)
 .text._ZN7TwoWire5writeEh
                0x00002d40       0x28 bin\lib/Wire/WireKinetis.o
                0x00002d40                TwoWire::write(unsigned char)
 .text.i2c0_isr
                0x00002d68      0x138 bin\lib/Wire/WireKinetis.o
                0x00002d68                i2c0_isr
 .text.i2c1_isr
                0x00002ea0      0x138 bin\lib/Wire/WireKinetis.o
                0x00002ea0                i2c1_isr
 .text.i2c2_isr
                0x00002fd8      0x138 bin\lib/Wire/WireKinetis.o
                0x00002fd8                i2c2_isr
 .text._ZN6FsFile5closeEv
                0x00003110       0x28 bin\lib/SdFs/src//FsFile.o
                0x00003110                FsFile::close()
 .text._ZN6FsFile4openEP8FsVolumePKch
                0x00003138       0xa4 bin\lib/SdFs/src//FsFile.o
                0x00003138                FsFile::open(FsVolume*, char const*, unsigned char)
 .text._ZN8FsVolume5beginEP15SdCardInterface
                0x000031dc       0xe8 bin\lib/SdFs/src//FsVolume.o
                0x000031dc                FsVolume::begin(SdCardInterface*)
 .text._ZnwjPm  0x000032c4        0x4 bin\lib/SdFs/src/common//FsNew.o
                0x000032c4                operator new(unsigned int, unsigned long*)
 .text._ZN9ExFatFile5closeEv
                0x000032c8       0x14 bin\lib/SdFs/src/ExFatLib//ExFatFile.o
                0x000032c8                ExFatFile::close()
 .text._ZN9ExFatFile13parsePathNameEPKcP8ExName_tPS1_
                0x000032dc       0xbc bin\lib/SdFs/src/ExFatLib//ExFatFile.o
                0x000032dc                ExFatFile::parsePathName(char const*, ExName_t*, char const**)
 .text._ZN9ExFatFile8openRootEP11ExFatVolume
                0x00003398       0x28 bin\lib/SdFs/src/ExFatLib//ExFatFile.o
                0x00003398                ExFatFile::openRoot(ExFatVolume*)
 .text._ZN9ExFatFile4readEPvj
                0x000033c0      0x1ac bin\lib/SdFs/src/ExFatLib//ExFatFile.o
                0x000033c0                ExFatFile::read(void*, unsigned int)
 .text._ZN9ExFatFile4peekEv
                0x0000356c       0x30 bin\lib/SdFs/src/ExFatLib//ExFatFile.o
                0x0000356c                ExFatFile::peek()
 .text._ZN9ExFatFile7seekSetEy
                0x0000359c      0x100 bin\lib/SdFs/src/ExFatLib//ExFatFile.o
                0x0000359c                ExFatFile::seekSet(unsigned long long)
 .text._ZN9ExFatFile12openRootFileEPS_PKchh
                0x0000369c      0x3c4 bin\lib/SdFs/src/ExFatLib//ExFatFile.o
                0x0000369c                ExFatFile::openRootFile(ExFatFile*, char const*, unsigned char, unsigned char)
 .text._ZN9ExFatFile4openEPS_PKch
                0x00003a60      0x100 bin\lib/SdFs/src/ExFatLib//ExFatFile.o
                0x00003a60                ExFatFile::open(ExFatFile*, char const*, unsigned char)
 .text._ZN9ExFatFile4openEP11ExFatVolumePKci
                0x00003b60       0x10 bin\lib/SdFs/src/ExFatLib//ExFatFile.o
                0x00003b60                ExFatFile::open(ExFatVolume*, char const*, int)
 .text._ZN7FsCache10invalidateEv
                0x00003b70        0xc bin\lib/SdFs/src/ExFatLib//ExFatPartition.o
                0x00003b70                FsCache::invalidate()
 .text._ZN7FsCache3getEmh
                0x00003b7c       0x84 bin\lib/SdFs/src/ExFatLib//ExFatPartition.o
                0x00003b7c                FsCache::get(unsigned long, unsigned char)
 .text._ZN7FsCache4syncEv
                0x00003c00       0x2c bin\lib/SdFs/src/ExFatLib//ExFatPartition.o
                0x00003c00                FsCache::sync()
 .text._ZN14ExFatPartition4initEP15SdCardInterfaceh
                0x00003c2c      0x230 bin\lib/SdFs/src/ExFatLib//ExFatPartition.o
                0x00003c2c                ExFatPartition::init(SdCardInterface*, unsigned char)
 .text._ZN14ExFatPartition10bitmapFindEmm
                0x00003e5c      0x10c bin\lib/SdFs/src/ExFatLib//ExFatPartition.o
                0x00003e5c                ExFatPartition::bitmapFind(unsigned long, unsigned long)
 .text._ZN14ExFatPartition12bitmapModifyEmmb
                0x00003f68       0xf0 bin\lib/SdFs/src/ExFatLib//ExFatPartition.o
                0x00003f68                ExFatPartition::bitmapModify(unsigned long, unsigned long, bool)
 .text._ZN14ExFatPartition8dirCacheEP8DirPos_th
                0x00004058       0xac bin\lib/SdFs/src/ExFatLib//ExFatPartition.o
                0x00004058                ExFatPartition::dirCache(DirPos_t*, unsigned char)
 .text._ZN14ExFatPartition7dirSeekEP8DirPos_tm
                0x00004104       0xd0 bin\lib/SdFs/src/ExFatLib//ExFatPartition.o
                0x00004104                ExFatPartition::dirSeek(DirPos_t*, unsigned long)
 .text._ZN14ExFatPartition6fatGetEmPm
                0x000041d4       0x9c bin\lib/SdFs/src/ExFatLib//ExFatPartition.o
                0x000041d4                ExFatPartition::fatGet(unsigned long, unsigned long*)
 .text._ZN14ExFatPartition6fatPutEmm
                0x00004270       0xa4 bin\lib/SdFs/src/ExFatLib//ExFatPartition.o
                0x00004270                ExFatPartition::fatPut(unsigned long, unsigned long)
 .text._ZN14ExFatPartition9freeChainEm
                0x00004314      0x1f8 bin\lib/SdFs/src/ExFatLib//ExFatPartition.o
                0x00004314                ExFatPartition::freeChain(unsigned long)
 .text._ZN14ExFatPartition10rootLengthEv
                0x0000450c       0xa8 bin\lib/SdFs/src/ExFatLib//ExFatPartition.o
                0x0000450c                ExFatPartition::rootLength()
 .text._Z13exFatHashNamePKcjt
                0x000045b4       0x3c bin\lib/SdFs/src/ExFatLib//upcase.o
                0x000045b4                exFatHashName(char const*, unsigned int, unsigned short)
 .text._Z12exFatCmpNamePK9DirName_tPKcjj
                0x000045f0       0x58 bin\lib/SdFs/src/ExFatLib//upcase.o
                0x000045f0                exFatCmpName(DirName_t const*, char const*, unsigned int, unsigned int)
 .text._ZN9ExFatFile10addClusterEv
                0x00004648       0x8c bin\lib/SdFs/src/ExFatLib//ExFatFileWrite.o
                0x00004648                ExFatFile::addCluster()
 .text._ZN9ExFatFile7syncDirEv
                0x000046d4      0x168 bin\lib/SdFs/src/ExFatLib//ExFatFileWrite.o
                0x000046d4                ExFatFile::syncDir()
 .text._ZN9ExFatFile4syncEv
                0x0000483c       0x60 bin\lib/SdFs/src/ExFatLib//ExFatFileWrite.o
                0x0000483c                ExFatFile::sync()
 .text._ZN9ExFatFile11preAllocateEy
                0x0000489c       0xa0 bin\lib/SdFs/src/ExFatLib//ExFatFileWrite.o
                0x0000489c                ExFatFile::preAllocate(unsigned long long)
 .text._ZN9ExFatFile13addDirClusterEv
                0x0000493c      0x13c bin\lib/SdFs/src/ExFatLib//ExFatFileWrite.o
                0x0000493c                ExFatFile::addDirCluster()
 .text._ZN9ExFatFile8truncateEv
                0x00004a78      0x120 bin\lib/SdFs/src/ExFatLib//ExFatFileWrite.o
                0x00004a78                ExFatFile::truncate()
 .text._ZN9ExFatFile5writeEPKvj
                0x00004b98      0x284 bin\lib/SdFs/src/ExFatLib//ExFatFileWrite.o
                0x00004b98                ExFatFile::write(void const*, unsigned int)
 .text._ZN7FatFile4syncEv.part.39
                0x00004e1c       0xa0 bin\lib/SdFs/src/FatLib//FatFile.o
 .text._ZN7FatFile13addDirClusterEv
                0x00004ebc       0xb8 bin\lib/SdFs/src/FatLib//FatFile.o
                0x00004ebc                FatFile::addDirCluster()
 .text._ZN7FatFile5closeEv
                0x00004f74       0xb8 bin\lib/SdFs/src/FatLib//FatFile.o
                0x00004f74                FatFile::close()
 .text._ZN7FatFile11preAllocateEm
                0x0000502c       0x50 bin\lib/SdFs/src/FatLib//FatFile.o
                0x0000502c                FatFile::preAllocate(unsigned long)
 .text._ZN7FatFile4openEPS_PKch
                0x0000507c      0x108 bin\lib/SdFs/src/FatLib//FatFile.o
                0x0000507c                FatFile::open(FatFile*, char const*, unsigned char)
 .text._ZN7FatFile4openEP9FatVolumePKch
                0x00005184       0x10 bin\lib/SdFs/src/FatLib//FatFile.o
                0x00005184                FatFile::open(FatVolume*, char const*, unsigned char)
 .text._ZN7FatFile8openRootEP9FatVolume
                0x00005194       0x40 bin\lib/SdFs/src/FatLib//FatFile.o
                0x00005194                FatFile::openRoot(FatVolume*)
 .text._ZN7FatFile4readEPvj
                0x000051d4      0x19c bin\lib/SdFs/src/FatLib//FatFile.o
                0x000051d4                FatFile::read(void*, unsigned int)
 .text._ZN7FatFile4peekEv
                0x00005370       0x2c bin\lib/SdFs/src/FatLib//FatFile.o
                0x00005370                FatFile::peek()
 .text._ZN7FatFile12readDirCacheEb
                0x0000539c       0x40 bin\lib/SdFs/src/FatLib//FatFile.o
                0x0000539c                FatFile::readDirCache(bool)
 .text._ZN7FatFile7seekSetEm
                0x000053dc       0x94 bin\lib/SdFs/src/FatLib//FatFile.o
                0x000053dc                FatFile::seekSet(unsigned long)
 .text._ZN7FatFile15openCachedEntryEPS_thh
                0x00005470       0xb0 bin\lib/SdFs/src/FatLib//FatFile.o
                0x00005470                FatFile::openCachedEntry(FatFile*, unsigned short, unsigned char, unsigned char)
 .text._ZN7FatFile4syncEv
                0x00005520       0xb8 bin\lib/SdFs/src/FatLib//FatFile.o
                0x00005520                FatFile::sync()
 .text._ZN7FatFile8truncateEv
                0x000055d8       0x78 bin\lib/SdFs/src/FatLib//FatFile.o
                0x000055d8                FatFile::truncate()
 .text._ZN7FatFile5writeEPKvj
                0x00005650      0x220 bin\lib/SdFs/src/FatLib//FatFile.o
                0x00005650                FatFile::write(void const*, unsigned int)
 .text._ZN8FatCache4readEmh
                0x00005870       0x90 bin\lib/SdFs/src/FatLib//FatPartition.o
                0x00005870                FatCache::read(unsigned long, unsigned char)
 .text._ZN8FatCache4syncEv
                0x00005900       0x54 bin\lib/SdFs/src/FatLib//FatPartition.o
                0x00005900                FatCache::sync()
 .text._ZNK12FatPartition18clusterStartSectorEm
                0x00005954        0xc bin\lib/SdFs/src/FatLib//FatPartition.o
                0x00005954                FatPartition::clusterStartSector(unsigned long) const
 .text._ZN12FatPartition6fatGetEmPm
                0x00005960      0x150 bin\lib/SdFs/src/FatLib//FatPartition.o
                0x00005960                FatPartition::fatGet(unsigned long, unsigned long*)
 .text._ZN12FatPartition6fatPutEmm
                0x00005ab0      0x150 bin\lib/SdFs/src/FatLib//FatPartition.o
                0x00005ab0                FatPartition::fatPut(unsigned long, unsigned long)
 .text._ZN12FatPartition15allocateClusterEmPm
                0x00005c00      0x1ac bin\lib/SdFs/src/FatLib//FatPartition.o
                0x00005c00                FatPartition::allocateCluster(unsigned long, unsigned long*)
 .text._ZN12FatPartition15allocContiguousEmPm
                0x00005dac      0x30c bin\lib/SdFs/src/FatLib//FatPartition.o
                0x00005dac                FatPartition::allocContiguous(unsigned long, unsigned long*)
 .text._ZN12FatPartition9freeChainEm
                0x000060b8      0x2b8 bin\lib/SdFs/src/FatLib//FatPartition.o
                0x000060b8                FatPartition::freeChain(unsigned long)
 .text._ZN12FatPartition4initEP15SdCardInterfaceh
                0x00006370      0x15c bin\lib/SdFs/src/FatLib//FatPartition.o
                0x00006370                FatPartition::init(SdCardInterface*, unsigned char)
 .text._ZN7FatFile13parsePathNameEPKcP7fname_tPS1_
                0x000064cc      0x244 bin\lib/SdFs/src/FatLib//FatFileLFN.o
                0x000064cc                FatFile::parsePathName(char const*, fname_t*, char const**)
 .text._ZN7FatFile12lfnUniqueSfnEP7fname_t
                0x00006710      0x108 bin\lib/SdFs/src/FatLib//FatFileLFN.o
                0x00006710                FatFile::lfnUniqueSfn(fname_t*)
 .text._ZN7FatFile4openEPS_P7fname_th
                0x00006818      0x460 bin\lib/SdFs/src/FatLib//FatFileLFN.o
                0x00006818                FatFile::open(FatFile*, fname_t*, unsigned char)
 .text._ZNK9SdSpiCard9errorCodeEv
                0x00006c78        0x4 bin\lib/SdFs/src/SdCard//SdSpiCard.o
                0x00006c78                SdSpiCard::errorCode() const
 .text._ZNK9SdSpiCard9errorDataEv
                0x00006c7c        0x4 bin\lib/SdFs/src/SdCard//SdSpiCard.o
                0x00006c7c                SdSpiCard::errorData() const
 .text._ZNK9SdSpiCard4typeEv
                0x00006c80        0x4 bin\lib/SdFs/src/SdCard//SdSpiCard.o
                0x00006c80                SdSpiCard::type() const
 .text._ZN9SdSpiCardD2Ev
                0x00006c84        0x4 bin\lib/SdFs/src/SdCard//SdSpiCard.o
                0x00006c84                SdSpiCard::~SdSpiCard()
                0x00006c84                SdSpiCard::~SdSpiCard()
 .text._ZN9SdSpiCardD0Ev
                0x00006c88       0x10 bin\lib/SdFs/src/SdCard//SdSpiCard.o
                0x00006c88                SdSpiCard::~SdSpiCard()
 .text._ZN9SdSpiCard6isBusyEv
                0x00006c98       0x60 bin\lib/SdFs/src/SdCard//SdSpiCard.o
                0x00006c98                SdSpiCard::isBusy()
 .text._ZN9SdSpiCard9writeStopEv
                0x00006cf8       0x90 bin\lib/SdFs/src/SdCard//SdSpiCard.o
                0x00006cf8                SdSpiCard::writeStop()
 .text._ZN9SdSpiCard9writeDataEPKh
                0x00006d88       0xcc bin\lib/SdFs/src/SdCard//SdSpiCard.o
                0x00006d88                SdSpiCard::writeData(unsigned char const*)
 .text._ZN9SdSpiCard11cardCommandEhm
                0x00006e54       0xa8 bin\lib/SdFs/src/SdCard//SdSpiCard.o
                0x00006e54                SdSpiCard::cardCommand(unsigned char, unsigned long)
 .text._ZN9SdSpiCard7readOCREPm
                0x00006efc       0x7c bin\lib/SdFs/src/SdCard//SdSpiCard.o
                0x00006efc                SdSpiCard::readOCR(unsigned long*)
 .text._ZN9SdSpiCard10writeStartEm
                0x00006f78       0x64 bin\lib/SdFs/src/SdCard//SdSpiCard.o
                0x00006f78                SdSpiCard::writeStart(unsigned long)
 .text._ZN9SdSpiCard10syncDeviceEv
                0x00006fdc       0xe0 bin\lib/SdFs/src/SdCard//SdSpiCard.o
                0x00006fdc                SdSpiCard::syncDevice()
 .text._ZN9SdSpiCard10readSectorEmPh
                0x000070bc      0x11c bin\lib/SdFs/src/SdCard//SdSpiCard.o
                0x000070bc                SdSpiCard::readSector(unsigned long, unsigned char*)
 .text._ZN9SdSpiCard11writeSectorEmPKh
                0x000071d8      0x168 bin\lib/SdFs/src/SdCard//SdSpiCard.o
                0x000071d8                SdSpiCard::writeSector(unsigned long, unsigned char const*)
 .text._ZN9SdSpiCard11readSectorsEmPhj
                0x00007340      0x11c bin\lib/SdFs/src/SdCard//SdSpiCard.o
                0x00007340                SdSpiCard::readSectors(unsigned long, unsigned char*, unsigned int)
 .text._ZN9SdSpiCard12writeSectorsEmPKhj
                0x0000745c      0x174 bin\lib/SdFs/src/SdCard//SdSpiCard.o
                0x0000745c                SdSpiCard::writeSectors(unsigned long, unsigned char const*, unsigned int)
 .text._ZN9SdSpiCard8readDataEPhj
                0x000075d0       0xac bin\lib/SdFs/src/SdCard//SdSpiCard.o
                0x000075d0                SdSpiCard::readData(unsigned char*, unsigned int)
 .text._ZN9SdSpiCard7readCIDEP3CID
                0x0000767c      0x15c bin\lib/SdFs/src/SdCard//SdSpiCard.o
                0x0000767c                SdSpiCard::readCID(CID*)
 .text._ZN9SdSpiCard7readCSDEP5csd_t
                0x000077d8      0x15c bin\lib/SdFs/src/SdCard//SdSpiCard.o
                0x000077d8                SdSpiCard::readCSD(csd_t*)
 .text._ZN9SdSpiCard11sectorCountEv
                0x00007934      0x1dc bin\lib/SdFs/src/SdCard//SdSpiCard.o
                0x00007934                SdSpiCard::sectorCount()
 .text._ZN9SdSpiCard5eraseEmm
                0x00007b10      0x174 bin\lib/SdFs/src/SdCard//SdSpiCard.o
                0x00007b10                SdSpiCard::erase(unsigned long, unsigned long)
 .text._ZL10m_sdhc_isrv
                0x00007c84       0x30 bin\lib/SdFs/src/SdCard//SdioTeensy.o
 .text._ZL9isBusyDMAv
                0x00007cb4        0xc bin\lib/SdFs/src/SdCard//SdioTeensy.o
 .text._ZNK8SdioCard9errorCodeEv
                0x00007cc0        0xc bin\lib/SdFs/src/SdCard//SdioTeensy.o
                0x00007cc0                SdioCard::errorCode() const
 .text._ZNK8SdioCard9errorDataEv
                0x00007ccc        0xc bin\lib/SdFs/src/SdCard//SdioTeensy.o
                0x00007ccc                SdioCard::errorData() const
 .text._ZN8SdioCard7readCIDEP3CID
                0x00007cd8       0x1c bin\lib/SdFs/src/SdCard//SdioTeensy.o
                0x00007cd8                SdioCard::readCID(CID*)
 .text._ZN8SdioCard7readCSDEP5csd_t
                0x00007cf4       0x1c bin\lib/SdFs/src/SdCard//SdioTeensy.o
                0x00007cf4                SdioCard::readCSD(csd_t*)
 .text._ZN8SdioCard7readOCREPm
                0x00007d10       0x10 bin\lib/SdFs/src/SdCard//SdioTeensy.o
                0x00007d10                SdioCard::readOCR(unsigned long*)
 .text._ZN8SdioCard10writeStartEm
                0x00007d20       0x1c bin\lib/SdFs/src/SdCard//SdioTeensy.o
                0x00007d20                SdioCard::writeStart(unsigned long)
 .text._ZN8SdioCardD2Ev
                0x00007d3c        0x4 bin\lib/SdFs/src/SdCard//SdioTeensy.o
                0x00007d3c                SdioCard::~SdioCard()
                0x00007d3c                SdioCard::~SdioCard()
 .text._ZN8SdioCardD0Ev
                0x00007d40       0x10 bin\lib/SdFs/src/SdCard//SdioTeensy.o
                0x00007d40                SdioCard::~SdioCard()
 .text._ZNK8SdioCard4typeEv
                0x00007d50       0x20 bin\lib/SdFs/src/SdCard//SdioTeensy.o
                0x00007d50                SdioCard::type() const
 .text._ZN8SdioCard11sectorCountEv
                0x00007d70       0x6c bin\lib/SdFs/src/SdCard//SdioTeensy.o
                0x00007d70                SdioCard::sectorCount()
 .text._ZL11cardCommandmm
                0x00007ddc       0xc8 bin\lib/SdFs/src/SdCard//SdioTeensy.o
 .text._ZL11isBusyCMD13v
                0x00007ea4       0x2c bin\lib/SdFs/src/SdCard//SdioTeensy.o
 .text._ZN8SdioCard6statusEv
                0x00007ed0       0x20 bin\lib/SdFs/src/SdCard//SdioTeensy.o
                0x00007ed0                SdioCard::status()
 .text._ZL8cardCMD6mPh
                0x00007ef0      0x120 bin\lib/SdFs/src/SdCard//SdioTeensy.o
 .text._ZN8SdioCard5eraseEmm
                0x00008010       0xf8 bin\lib/SdFs/src/SdCard//SdioTeensy.o
                0x00008010                SdioCard::erase(unsigned long, unsigned long)
 .text._ZL11rdWrSectorsmmPhj
                0x00008108      0x150 bin\lib/SdFs/src/SdCard//SdioTeensy.o
 .text._ZN8SdioCard11readSectorsEmPhj
                0x00008258       0x88 bin\lib/SdFs/src/SdCard//SdioTeensy.o
                0x00008258                SdioCard::readSectors(unsigned long, unsigned char*, unsigned int)
 .text._ZN8SdioCard12writeSectorsEmPKhj
                0x000082e0       0x88 bin\lib/SdFs/src/SdCard//SdioTeensy.o
                0x000082e0                SdioCard::writeSectors(unsigned long, unsigned char const*, unsigned int)
 .text._ZN8SdioCard9writeDataEPKh
                0x00008368      0x1a4 bin\lib/SdFs/src/SdCard//SdioTeensy.o
                0x00008368                SdioCard::writeData(unsigned char const*)
 .text._ZN8SdioCard6isBusyEv
                0x0000850c       0x44 bin\lib/SdFs/src/SdCard//SdioTeensy.o
                0x0000850c                SdioCard::isBusy()
 .text._ZL12transferStopv
                0x00008550      0x100 bin\lib/SdFs/src/SdCard//SdioTeensy.o
 .text._ZN8SdioCard9writeStopEv
                0x00008650        0x4 bin\lib/SdFs/src/SdCard//SdioTeensy.o
                0x00008650                SdioCard::writeStop()
                0x00008650                SdioCard::readStop()
 .text._ZN8SdioCard10syncDeviceEv
                0x00008654       0x14 bin\lib/SdFs/src/SdCard//SdioTeensy.o
                0x00008654                SdioCard::syncDevice()
 .text._ZN8SdioCard5beginE10SdioConfig
                0x00008668      0x570 bin\lib/SdFs/src/SdCard//SdioTeensy.o
                0x00008668                SdioCard::begin(SdioConfig)
 .text._ZN8SdioCard8readDataEPh
                0x00008bd8      0x1b4 bin\lib/SdFs/src/SdCard//SdioTeensy.o
                0x00008bd8                SdioCard::readData(unsigned char*)
 .text._ZN8SdioCard9readStartEmm
                0x00008d8c      0x128 bin\lib/SdFs/src/SdCard//SdioTeensy.o
                0x00008d8c                SdioCard::readStart(unsigned long, unsigned long)
 .text._ZN8SdioCard10readSectorEmPh
                0x00008eb4       0xec bin\lib/SdFs/src/SdCard//SdioTeensy.o
                0x00008eb4                SdioCard::readSector(unsigned long, unsigned char*)
 .text._ZN8SdioCard10writeStartEmm
                0x00008fa0      0x124 bin\lib/SdFs/src/SdCard//SdioTeensy.o
                0x00008fa0                SdioCard::writeStart(unsigned long, unsigned long)
 .text._ZN8SdioCard11writeSectorEmPKh
                0x000090c4       0xd8 bin\lib/SdFs/src/SdCard//SdioTeensy.o
                0x000090c4                SdioCard::writeSector(unsigned long, unsigned char const*)
 .text._ZN14SdSpiAltDriver8activateEv
                0x0000919c       0x90 bin\lib/SdFs/src/SpiDriver//SdSpiTeensy3.o
                0x0000919c                SdSpiAltDriver::activate()
 .text._ZN14SdSpiAltDriver10deactivateEv
                0x0000922c       0x48 bin\lib/SdFs/src/SpiDriver//SdSpiTeensy3.o
                0x0000922c                SdSpiAltDriver::deactivate()
 .text._ZN14SdSpiAltDriver7receiveEv
                0x00009274       0x1c bin\lib/SdFs/src/SpiDriver//SdSpiTeensy3.o
                0x00009274                SdSpiAltDriver::receive()
 .text._ZN14SdSpiAltDriver7receiveEPhj
                0x00009290       0x20 bin\lib/SdFs/src/SpiDriver//SdSpiTeensy3.o
                0x00009290                SdSpiAltDriver::receive(unsigned char*, unsigned int)
 .text._ZN14SdSpiAltDriver4sendEh
                0x000092b0       0x18 bin\lib/SdFs/src/SpiDriver//SdSpiTeensy3.o
                0x000092b0                SdSpiAltDriver::send(unsigned char)
 .text._ZN14SdSpiAltDriver4sendEPKhj
                0x000092c8       0x54 bin\lib/SdFs/src/SpiDriver//SdSpiTeensy3.o
                0x000092c8                SdSpiAltDriver::send(unsigned char const*, unsigned int)
 .text          0x0000931c      0x134 bin\core.a(memcpy-armv7m.o)
                0x0000931c                memcpy
 .text.usb_serial_getchar
                0x00009450       0x48 bin\core.a(usb_serial.o)
                0x00009450                usb_serial_getchar
 .text.usb_serial_peekchar
                0x00009498       0x30 bin\core.a(usb_serial.o)
                0x00009498                usb_serial_peekchar
 .text.usb_serial_available
                0x000094c8       0x1c bin\core.a(usb_serial.o)
                0x000094c8                usb_serial_available
 .text.usb_serial_flush_input
                0x000094e4       0x38 bin\core.a(usb_serial.o)
                0x000094e4                usb_serial_flush_input
 .text.usb_serial_write
                0x0000951c      0x1a8 bin\core.a(usb_serial.o)
                0x0000951c                usb_serial_write
 .text.usb_serial_putchar
                0x000096c4       0x18 bin\core.a(usb_serial.o)
                0x000096c4                usb_serial_putchar
 .text.usb_serial_write_buffer_free
                0x000096dc       0x48 bin\core.a(usb_serial.o)
                0x000096dc                usb_serial_write_buffer_free
 .text.usb_serial_flush_output
                0x00009724       0x58 bin\core.a(usb_serial.o)
                0x00009724                usb_serial_flush_output
 .text.usb_serial_flush_callback
                0x0000977c       0x48 bin\core.a(usb_serial.o)
                0x0000977c                usb_serial_flush_callback
 .text.fault_isr
                0x000097c4       0x48 bin\core.a(mk20dx128.o)
                0x000097c4                bus_fault_isr
                0x000097c4                usage_fault_isr
                0x000097c4                fault_isr
                0x000097c4                memmanage_fault_isr
                0x000097c4                hard_fault_isr
 .text.unused_isr
                0x0000980c        0x8 bin\core.a(mk20dx128.o)
                0x0000980c                adc0_isr
                0x0000980c                dma_ch6_isr
                0x0000980c                uart0_lon_isr
                0x0000980c                dma_ch8_isr
                0x0000980c                portcd_isr
                0x0000980c                can1_rx_warn_isr
                0x0000980c                dma_error_isr
                0x0000980c                portd_isr
                0x0000980c                enet_error_isr
                0x0000980c                tpm1_isr
                0x0000980c                porte_isr
                0x0000980c                portb_isr
                0x0000980c                spi1_isr
                0x0000980c                uart3_status_isr
                0x0000980c                mcm_isr
                0x0000980c                uart1_status_isr
                0x0000980c                randnum_isr
                0x0000980c                watchdog_isr
                0x0000980c                dma_ch11_isr
                0x0000980c                pit1_isr
                0x0000980c                dma_ch4_isr
                0x0000980c                dma_ch7_isr
                0x0000980c                lptmr_isr
                0x0000980c                can1_bus_off_isr
                0x0000980c                ftm2_isr
                0x0000980c                uart5_status_isr
                0x0000980c                lpuart0_status_isr
                0x0000980c                dma_ch9_isr
                0x0000980c                pit2_isr
                0x0000980c                i2c3_isr
                0x0000980c                pit0_isr
                0x0000980c                can1_error_isr
                0x0000980c                can0_wakeup_isr
                0x0000980c                flash_cmd_isr
                0x0000980c                uart2_status_isr
                0x0000980c                svcall_isr
                0x0000980c                dma_ch15_isr
                0x0000980c                uart1_error_isr
                0x0000980c                usbhs_phy_isr
                0x0000980c                unused_isr
                0x0000980c                spi0_isr
                0x0000980c                dma_ch3_isr
                0x0000980c                flash_error_isr
                0x0000980c                uart5_error_isr
                0x0000980c                rtc_seconds_isr
                0x0000980c                pdb_isr
                0x0000980c                dac1_isr
                0x0000980c                dma_ch14_isr
                0x0000980c                rtc_alarm_isr
                0x0000980c                dma_ch2_isr
                0x0000980c                ftm1_isr
                0x0000980c                dma_ch13_isr
                0x0000980c                uart2_error_isr
                0x0000980c                usb_charge_isr
                0x0000980c                cmt_isr
                0x0000980c                usbhs_isr
                0x0000980c                ftm3_isr
                0x0000980c                tsi0_isr
                0x0000980c                spi2_isr
                0x0000980c                can0_bus_off_isr
                0x0000980c                uart3_error_isr
                0x0000980c                porta_isr
                0x0000980c                low_voltage_isr
                0x0000980c                can0_error_isr
                0x0000980c                dma_ch12_isr
                0x0000980c                can1_wakeup_isr
                0x0000980c                pit3_isr
                0x0000980c                enet_rx_isr
                0x0000980c                portc_isr
                0x0000980c                debugmonitor_isr
                0x0000980c                cmp1_isr
                0x0000980c                ftm0_isr
                0x0000980c                tpm0_isr
                0x0000980c                i2s0_rx_isr
                0x0000980c                uart4_error_isr
                0x0000980c                can0_message_isr
                0x0000980c                can1_message_isr
                0x0000980c                nmi_isr
                0x0000980c                sdhc_isr
                0x0000980c                dma_ch10_isr
                0x0000980c                uart0_error_isr
                0x0000980c                i2s0_isr
                0x0000980c                enet_timer_isr
                0x0000980c                i2s0_tx_isr
                0x0000980c                adc1_isr
                0x0000980c                cmp0_isr
                0x0000980c                pit_isr
                0x0000980c                dac0_isr
                0x0000980c                can1_tx_warn_isr
                0x0000980c                uart0_status_isr
                0x0000980c                mcg_isr
                0x0000980c                dma_ch1_isr
                0x0000980c                dma_ch5_isr
                0x0000980c                can0_rx_warn_isr
                0x0000980c                can0_tx_warn_isr
                0x0000980c                uart4_status_isr
                0x0000980c                cmp2_isr
                0x0000980c                wakeup_isr
                0x0000980c                cmp3_isr
                0x0000980c                tpm2_isr
                0x0000980c                dma_ch0_isr
                0x0000980c                enet_tx_isr
 .text.startup_default_early_hook
                0x00009814        0xc bin\core.a(mk20dx128.o)
                0x00009814                startup_early_hook
 .text.startup_default_late_hook
                0x00009820        0x4 bin\core.a(mk20dx128.o)
                0x00009820                startup_late_hook
 .text._sbrk    0x00009824       0x2c bin\core.a(mk20dx128.o)
                0x00009824                _sbrk
 .text.attachInterruptVector
                0x00009850       0x10 bin\core.a(pins_teensy.o)
                0x00009850                attachInterruptVector
 .text.rtc_set  0x00009860       0x24 bin\core.a(pins_teensy.o)
                0x00009860                rtc_set
 .text._init_Teensyduino_internal_
                0x00009884      0x274 bin\core.a(pins_teensy.o)
                0x00009884                _init_Teensyduino_internal_
 .text.digitalWrite
                0x00009af8       0x48 bin\core.a(pins_teensy.o)
                0x00009af8                digitalWrite
 .text.pinMode  0x00009b40       0x78 bin\core.a(pins_teensy.o)
                0x00009b40                pinMode
 .text.micros   0x00009bb8       0x44 bin\core.a(pins_teensy.o)
                0x00009bb8                micros
 .text.delay    0x00009bfc       0x9c bin\core.a(pins_teensy.o)
                0x00009bfc                delay
 .text.usb_malloc
                0x00009c98       0x40 bin\core.a(usb_mem.o)
                0x00009c98                usb_malloc
 .text.usb_free
                0x00009cd8       0x4c bin\core.a(usb_mem.o)
                0x00009cd8                usb_free
 .text.usb_rx   0x00009d24       0x3c bin\core.a(usb_dev.o)
                0x00009d24                usb_rx
 .text.usb_tx_packet_count
                0x00009d60       0x2c bin\core.a(usb_dev.o)
                0x00009d60                usb_tx_packet_count
 .text.usb_rx_memory
                0x00009d8c       0xc8 bin\core.a(usb_dev.o)
                0x00009d8c                usb_rx_memory
 .text.usb_tx   0x00009e54       0x84 bin\core.a(usb_dev.o)
                0x00009e54                usb_tx
 .text.usb_isr  0x00009ed8      0xab4 bin\core.a(usb_dev.o)
                0x00009ed8                usb_isr
 .text.usb_init
                0x0000a98c       0xf4 bin\core.a(usb_dev.o)
                0x0000a98c                usb_init
 .text._ZN14EventResponder24triggerEventNotImmediateEv
                0x0000aa80       0x80 bin\core.a(EventResponder.o)
                0x0000aa80                EventResponder::triggerEventNotImmediate()
 .text.pendablesrvreq_isr
                0x0000ab00       0x44 bin\core.a(EventResponder.o)
                0x0000ab00                pendablesrvreq_isr
 .text._ZN11MillisTimer12runFromTimerEv
                0x0000ab44      0x20c bin\core.a(EventResponder.o)
                0x0000ab44                MillisTimer::runFromTimer()
 .text.systick_isr
                0x0000ad50       0x10 bin\core.a(EventResponder.o)
                0x0000ad50                systick_isr
 .text._ZN16usb_serial_class5clearEv
                0x0000ad60        0x4 bin\core.a(usb_inst.o)
                0x0000ad60                usb_serial_class::clear()
 .text._ZN16usb_serial_class4peekEv
                0x0000ad64        0x4 bin\core.a(usb_inst.o)
                0x0000ad64                usb_serial_class::peek()
 .text._ZN16usb_serial_class4readEv
                0x0000ad68        0x4 bin\core.a(usb_inst.o)
                0x0000ad68                usb_serial_class::read()
 .text._ZN16usb_serial_class9availableEv
                0x0000ad6c        0x4 bin\core.a(usb_inst.o)
                0x0000ad6c                usb_serial_class::available()
 .text._ZN16usb_serial_class5flushEv
                0x0000ad70        0x4 bin\core.a(usb_inst.o)
                0x0000ad70                usb_serial_class::flush()
 .text._ZN16usb_serial_class17availableForWriteEv
                0x0000ad74        0x4 bin\core.a(usb_inst.o)
                0x0000ad74                usb_serial_class::availableForWrite()
 .text._ZN16usb_serial_class5writeEPKhj
                0x0000ad78        0x8 bin\core.a(usb_inst.o)
                0x0000ad78                usb_serial_class::write(unsigned char const*, unsigned int)
 .text._ZN16usb_serial_class5writeEh
                0x0000ad80        0x8 bin\core.a(usb_inst.o)
                0x0000ad80                usb_serial_class::write(unsigned char)
 .text._ZN5Print5writeEPKhj
                0x0000ad88       0x2c bin\core.a(Print.o)
                0x0000ad88                Print::write(unsigned char const*, unsigned int)
 .text._ZN5Print5printEl
                0x0000adb4       0xb0 bin\core.a(Print.o)
                0x0000adb4                Print::print(long)
 .text._ZN5Print7printlnEv
                0x0000ae64       0x20 bin\core.a(Print.o)
                0x0000ae64                Print::println()
 .text._write   0x0000ae84       0x10 bin\core.a(Print.o)
                0x0000ae84                _write
 .text._ZN5Print6printfEPKcz
                0x0000ae94       0x1c bin\core.a(Print.o)
                0x0000ae94                Print::printf(char const*, ...)
 .text._ZN5Print11printNumberEmhh
                0x0000aeb0       0x80 bin\core.a(Print.o)
                0x0000aeb0                Print::printNumber(unsigned long, unsigned char, unsigned char)
 .text.startup.main
                0x0000af30       0x10 bin\core.a(main.o)
                0x0000af30                main
 .text.software_isr
                0x0000af40       0x84 bin\core.a(AudioStream.o)
                0x0000af40                software_isr
 .text._ZN6Stream8parseIntEc
                0x0000afc4       0xd4 bin\core.a(Stream.o)
                0x0000afc4                Stream::parseInt(char)
 .text._ZN6Stream8parseIntEv
                0x0000b098        0x8 bin\core.a(Stream.o)
                0x0000b098                Stream::parseInt()
 .text._ZdlPvj  0x0000b0a0        0x4 bin\core.a(new.o)
                0x0000b0a0                operator delete(void*, unsigned int)
 .text.analog_init
                0x0000b0a4       0xe0 bin\core.a(analog.o)
                0x0000b0a4                analog_init
 .text.usb_init_serialnumber
                0x0000b184       0xe0 bin\core.a(usb_desc.o)
                0x0000b184                usb_init_serialnumber
 .text.ultoa    0x0000b264       0x4c bin\core.a(nonstd.o)
                0x0000b264                ultoa
 .text          0x0000b2b0      0x370 c:/users/walter/documents/arduino-1.8.8/hardware/tools/arm/bin/../lib/gcc/arm-none-eabi/5.4.1/armv7e-m/fpu\libgcc.a(_arm_addsubdf3.o)
                0x0000b2b0                __aeabi_drsub
                0x0000b2b8                __aeabi_dsub
                0x0000b2b8                __subdf3
                0x0000b2bc                __aeabi_dadd
                0x0000b2bc                __adddf3
                0x0000b534                __floatunsidf
                0x0000b534                __aeabi_ui2d
                0x0000b554                __floatsidf
                0x0000b554                __aeabi_i2d
                0x0000b578                __aeabi_f2d
                0x0000b578                __extendsfdf2
                0x0000b5b4                __floatundidf
                0x0000b5b4                __aeabi_ul2d
                0x0000b5c4                __floatdidf
                0x0000b5c4                __aeabi_l2d
 .text          0x0000b620      0x424 c:/users/walter/documents/arduino-1.8.8/hardware/tools/arm/bin/../lib/gcc/arm-none-eabi/5.4.1/armv7e-m/fpu\libgcc.a(_arm_muldivdf3.o)
                0x0000b620                __aeabi_dmul
                0x0000b620                __muldf3
                0x0000b874                __divdf3
                0x0000b874                __aeabi_ddiv
 .text          0x0000ba44      0x110 c:/users/walter/documents/arduino-1.8.8/hardware/tools/arm/bin/../lib/gcc/arm-none-eabi/5.4.1/armv7e-m/fpu\libgcc.a(_arm_cmpdf2.o)
                0x0000ba44                __gtdf2
                0x0000ba44                __gedf2
                0x0000ba4c                __ltdf2
                0x0000ba4c                __ledf2
                0x0000ba54                __nedf2
                0x0000ba54                __eqdf2
                0x0000ba54                __cmpdf2
                0x0000bad0                __aeabi_cdrcmple
                0x0000bae0                __aeabi_cdcmpeq
                0x0000bae0                __aeabi_cdcmple
                0x0000baf0                __aeabi_dcmpeq
                0x0000bb04                __aeabi_dcmplt
                0x0000bb18                __aeabi_dcmple
                0x0000bb2c                __aeabi_dcmpge
                0x0000bb40                __aeabi_dcmpgt
 .text          0x0000bb54       0x2c c:/users/walter/documents/arduino-1.8.8/hardware/tools/arm/bin/../lib/gcc/arm-none-eabi/5.4.1/armv7e-m/fpu\libgcc.a(_arm_unorddf2.o)
                0x0000bb54                __unorddf2
                0x0000bb54                __aeabi_dcmpun
 .text          0x0000bb80       0x50 c:/users/walter/documents/arduino-1.8.8/hardware/tools/arm/bin/../lib/gcc/arm-none-eabi/5.4.1/armv7e-m/fpu\libgcc.a(_arm_fixdfsi.o)
                0x0000bb80                __aeabi_d2iz
                0x0000bb80                __fixdfsi
 .text          0x0000bbd0       0x40 c:/users/walter/documents/arduino-1.8.8/hardware/tools/arm/bin/../lib/gcc/arm-none-eabi/5.4.1/armv7e-m/fpu\libgcc.a(_arm_fixunsdfsi.o)
                0x0000bbd0                __aeabi_d2uiz
                0x0000bbd0                __fixunsdfsi
 .text          0x0000bc10       0xa0 c:/users/walter/documents/arduino-1.8.8/hardware/tools/arm/bin/../lib/gcc/arm-none-eabi/5.4.1/armv7e-m/fpu\libgcc.a(_arm_truncdfsf2.o)
                0x0000bc10                __truncdfsf2
                0x0000bc10                __aeabi_d2f
 .text          0x0000bcb0      0x21c c:/users/walter/documents/arduino-1.8.8/hardware/tools/arm/bin/../lib/gcc/arm-none-eabi/5.4.1/armv7e-m/fpu\libgcc.a(_arm_addsubsf3.o)
                0x0000bcb0                __aeabi_frsub
                0x0000bcb8                __subsf3
                0x0000bcb8                __aeabi_fsub
                0x0000bcbc                __aeabi_fadd
                0x0000bcbc                __addsf3
                0x0000be1c                __aeabi_ui2f
                0x0000be1c                __floatunsisf
                0x0000be24                __aeabi_i2f
                0x0000be24                __floatsisf
                0x0000be40                __aeabi_ul2f
                0x0000be40                __floatundisf
                0x0000be50                __aeabi_l2f
                0x0000be50                __floatdisf
 .text          0x0000becc       0xa0 c:/users/walter/documents/arduino-1.8.8/hardware/tools/arm/bin/../lib/gcc/arm-none-eabi/5.4.1/armv7e-m/fpu\libgcc.a(_aeabi_ldivmod.o)
                0x0000becc                __aeabi_ldivmod
 .text          0x0000bf6c       0x30 c:/users/walter/documents/arduino-1.8.8/hardware/tools/arm/bin/../lib/gcc/arm-none-eabi/5.4.1/armv7e-m/fpu\libgcc.a(_aeabi_uldivmod.o)
                0x0000bf6c                __aeabi_uldivmod
 .text          0x0000bf9c       0x24 c:/users/walter/documents/arduino-1.8.8/hardware/tools/arm/bin/../lib/gcc/arm-none-eabi/5.4.1/armv7e-m/fpu\libgcc.a(_fixsfdi.o)
                0x0000bf9c                __fixsfdi
                0x0000bf9c                __aeabi_f2lz
 .text          0x0000bfc0       0x4c c:/users/walter/documents/arduino-1.8.8/hardware/tools/arm/bin/../lib/gcc/arm-none-eabi/5.4.1/armv7e-m/fpu\libgcc.a(_fixunssfdi.o)
                0x0000bfc0                __fixunssfdi
                0x0000bfc0                __aeabi_f2ulz
 .text          0x0000c00c      0x2e4 c:/users/walter/documents/arduino-1.8.8/hardware/tools/arm/bin/../lib/gcc/arm-none-eabi/5.4.1/armv7e-m/fpu\libgcc.a(_udivmoddi4.o)
                0x0000c00c                __udivmoddi4
 .text          0x0000c2f0        0x4 c:/users/walter/documents/arduino-1.8.8/hardware/tools/arm/bin/../lib/gcc/arm-none-eabi/5.4.1/armv7e-m/fpu\libgcc.a(_dvmd_tls.o)
                0x0000c2f0                __aeabi_idiv0
                0x0000c2f0                __aeabi_ldiv0
 .text.__aeabi_atexit
                0x0000c2f4        0xc c:/users/walter/documents/arduino-1.8.8/hardware/tools/arm/bin/../lib/gcc/arm-none-eabi/5.4.1/../../../../arm-none-eabi/lib/armv7e-m/fpu\libc.a(lib_a-aeabi_atexit.o)
                0x0000c2f4                __aeabi_atexit
 .text.__cxa_atexit
                0x0000c300        0xc c:/users/walter/documents/arduino-1.8.8/hardware/tools/arm/bin/../lib/gcc/arm-none-eabi/5.4.1/../../../../arm-none-eabi/lib/armv7e-m/fpu\libc.a(lib_a-cxa_atexit.o)
                0x0000c300                __cxa_atexit
 .text.__errno  0x0000c30c        0xc c:/users/walter/documents/arduino-1.8.8/hardware/tools/arm/bin/../lib/gcc/arm-none-eabi/5.4.1/../../../../arm-none-eabi/lib/armv7e-m/fpu\libc.a(lib_a-errno.o)
                0x0000c30c                __errno
 .text.__libc_init_array
                0x0000c318       0x50 c:/users/walter/documents/arduino-1.8.8/hardware/tools/arm/bin/../lib/gcc/arm-none-eabi/5.4.1/../../../../arm-none-eabi/lib/armv7e-m/fpu\libc.a(lib_a-init.o)
                0x0000c318                __libc_init_array
 .text.__get_current_locale
                0x0000c368       0x18 c:/users/walter/documents/arduino-1.8.8/hardware/tools/arm/bin/../lib/gcc/arm-none-eabi/5.4.1/../../../../arm-none-eabi/lib/armv7e-m/fpu\libc.a(lib_a-locale.o)
 .text.__locale_mb_cur_max
                0x0000c380       0x1c c:/users/walter/documents/arduino-1.8.8/hardware/tools/arm/bin/../lib/gcc/arm-none-eabi/5.4.1/../../../../arm-none-eabi/lib/armv7e-m/fpu\libc.a(lib_a-locale.o)
                0x0000c380                __locale_mb_cur_max
 .text.__locale_ctype_ptr_l
                0x0000c39c        0x8 c:/users/walter/documents/arduino-1.8.8/hardware/tools/arm/bin/../lib/gcc/arm-none-eabi/5.4.1/../../../../arm-none-eabi/lib/armv7e-m/fpu\libc.a(lib_a-locale.o)
                0x0000c39c                __locale_ctype_ptr_l
 .text.__locale_ctype_ptr
                0x0000c3a4       0x14 c:/users/walter/documents/arduino-1.8.8/hardware/tools/arm/bin/../lib/gcc/arm-none-eabi/5.4.1/../../../../arm-none-eabi/lib/armv7e-m/fpu\libc.a(lib_a-locale.o)
                0x0000c3a4                __locale_ctype_ptr
 .text.malloc   0x0000c3b8       0x10 c:/users/walter/documents/arduino-1.8.8/hardware/tools/arm/bin/../lib/gcc/arm-none-eabi/5.4.1/../../../../arm-none-eabi/lib/armv7e-m/fpu\libc.a(lib_a-malloc.o)
                0x0000c3b8                malloc
 .text.free     0x0000c3c8       0x10 c:/users/walter/documents/arduino-1.8.8/hardware/tools/arm/bin/../lib/gcc/arm-none-eabi/5.4.1/../../../../arm-none-eabi/lib/armv7e-m/fpu\libc.a(lib_a-malloc.o)
                0x0000c3c8                free
 .text._malloc_r
                0x0000c3d8      0x570 c:/users/walter/documents/arduino-1.8.8/hardware/tools/arm/bin/../lib/gcc/arm-none-eabi/5.4.1/../../../../arm-none-eabi/lib/armv7e-m/fpu\libc.a(lib_a-mallocr.o)
                0x0000c3d8                _malloc_r
 .text.__ascii_mbtowc
                0x0000c948       0x2c c:/users/walter/documents/arduino-1.8.8/hardware/tools/arm/bin/../lib/gcc/arm-none-eabi/5.4.1/../../../../arm-none-eabi/lib/armv7e-m/fpu\libc.a(lib_a-mbtowc_r.o)
                0x0000c948                __ascii_mbtowc
 .text.memcmp   0x0000c974       0x64 c:/users/walter/documents/arduino-1.8.8/hardware/tools/arm/bin/../lib/gcc/arm-none-eabi/5.4.1/../../../../arm-none-eabi/lib/armv7e-m/fpu\libc.a(lib_a-memcmp.o)
                0x0000c974                memcmp
 .text.memmove  0x0000c9d8       0xc8 c:/users/walter/documents/arduino-1.8.8/hardware/tools/arm/bin/../lib/gcc/arm-none-eabi/5.4.1/../../../../arm-none-eabi/lib/armv7e-m/fpu\libc.a(lib_a-memmove.o)
                0x0000c9d8                memmove
 .text.memset   0x0000caa0       0x9c c:/users/walter/documents/arduino-1.8.8/hardware/tools/arm/bin/../lib/gcc/arm-none-eabi/5.4.1/../../../../arm-none-eabi/lib/armv7e-m/fpu\libc.a(lib_a-memset.o)
                0x0000caa0                memset
 .text.__malloc_lock
                0x0000cb3c        0x4 c:/users/walter/documents/arduino-1.8.8/hardware/tools/arm/bin/../lib/gcc/arm-none-eabi/5.4.1/../../../../arm-none-eabi/lib/armv7e-m/fpu\libc.a(lib_a-mlock.o)
                0x0000cb3c                __malloc_lock
 .text.__malloc_unlock
                0x0000cb40        0x4 c:/users/walter/documents/arduino-1.8.8/hardware/tools/arm/bin/../lib/gcc/arm-none-eabi/5.4.1/../../../../arm-none-eabi/lib/armv7e-m/fpu\libc.a(lib_a-mlock.o)
                0x0000cb40                __malloc_unlock
 .text._realloc_r
                0x0000cb44      0x3e0 c:/users/walter/documents/arduino-1.8.8/hardware/tools/arm/bin/../lib/gcc/arm-none-eabi/5.4.1/../../../../arm-none-eabi/lib/armv7e-m/fpu\libc.a(lib_a-reallocr.o)
                0x0000cb44                _realloc_r
 .text._sbrk_r  0x0000cf24       0x24 c:/users/walter/documents/arduino-1.8.8/hardware/tools/arm/bin/../lib/gcc/arm-none-eabi/5.4.1/../../../../arm-none-eabi/lib/armv7e-m/fpu\libc.a(lib_a-sbrkr.o)
                0x0000cf24                _sbrk_r
 .text.sprintf  0x0000cf48       0x4c c:/users/walter/documents/arduino-1.8.8/hardware/tools/arm/bin/../lib/gcc/arm-none-eabi/5.4.1/../../../../arm-none-eabi/lib/armv7e-m/fpu\libc.a(lib_a-sprintf.o)
                0x0000cf48                sprintf
 .text.sscanf   0x0000cf94       0x58 c:/users/walter/documents/arduino-1.8.8/hardware/tools/arm/bin/../lib/gcc/arm-none-eabi/5.4.1/../../../../arm-none-eabi/lib/armv7e-m/fpu\libc.a(lib_a-sscanf.o)
                0x0000cf94                sscanf
 .text.__seofread
                0x0000cfec        0x4 c:/users/walter/documents/arduino-1.8.8/hardware/tools/arm/bin/../lib/gcc/arm-none-eabi/5.4.1/../../../../arm-none-eabi/lib/armv7e-m/fpu\libc.a(lib_a-stdio.o)
                0x0000cfec                __seofread
 .text.strchr   0x0000cff0       0xd0 c:/users/walter/documents/arduino-1.8.8/hardware/tools/arm/bin/../lib/gcc/arm-none-eabi/5.4.1/../../../../arm-none-eabi/lib/armv7e-m/fpu\libc.a(lib_a-strchr.o)
                0x0000cff0                strchr
 .text          0x0000d0c0       0xdc c:/users/walter/documents/arduino-1.8.8/hardware/tools/arm/bin/../lib/gcc/arm-none-eabi/5.4.1/../../../../arm-none-eabi/lib/armv7e-m/fpu\libc.a(lib_a-strlen.o)
                0x0000d0c0                strlen
 .text.strncmp  0x0000d19c       0xa0 c:/users/walter/documents/arduino-1.8.8/hardware/tools/arm/bin/../lib/gcc/arm-none-eabi/5.4.1/../../../../arm-none-eabi/lib/armv7e-m/fpu\libc.a(lib_a-strncmp.o)
                0x0000d19c                strncmp
 .text.unlikely.sulp
                0x0000d23c       0x38 c:/users/walter/documents/arduino-1.8.8/hardware/tools/arm/bin/../lib/gcc/arm-none-eabi/5.4.1/../../../../arm-none-eabi/lib/armv7e-m/fpu\libc.a(lib_a-strtod.o)
 *fill*         0x0000d274        0x4 ff
 .text._strtod_l
                0x0000d278      0xed8 c:/users/walter/documents/arduino-1.8.8/hardware/tools/arm/bin/../lib/gcc/arm-none-eabi/5.4.1/../../../../arm-none-eabi/lib/armv7e-m/fpu\libc.a(lib_a-strtod.o)
                0x0000d278                _strtod_l
 .text._strtod_r
                0x0000e150       0x20 c:/users/walter/documents/arduino-1.8.8/hardware/tools/arm/bin/../lib/gcc/arm-none-eabi/5.4.1/../../../../arm-none-eabi/lib/armv7e-m/fpu\libc.a(lib_a-strtod.o)
                0x0000e150                _strtod_r
 .text._strtol_l.isra.0
                0x0000e170      0x138 c:/users/walter/documents/arduino-1.8.8/hardware/tools/arm/bin/../lib/gcc/arm-none-eabi/5.4.1/../../../../arm-none-eabi/lib/armv7e-m/fpu\libc.a(lib_a-strtol.o)
 .text._strtol_r
                0x0000e2a8       0x24 c:/users/walter/documents/arduino-1.8.8/hardware/tools/arm/bin/../lib/gcc/arm-none-eabi/5.4.1/../../../../arm-none-eabi/lib/armv7e-m/fpu\libc.a(lib_a-strtol.o)
                0x0000e2a8                _strtol_r
 *fill*         0x0000e2cc        0x4 ff
 .text._svfprintf_r
                0x0000e2d0     0x16e4 c:/users/walter/documents/arduino-1.8.8/hardware/tools/arm/bin/../lib/gcc/arm-none-eabi/5.4.1/../../../../arm-none-eabi/lib/armv7e-m/fpu\libc.a(lib_a-svfprintf.o)
                0x0000e2d0                _svfprintf_r
 .text.__ssvfscanf_r
                0x0000f9b4      0xe88 c:/users/walter/documents/arduino-1.8.8/hardware/tools/arm/bin/../lib/gcc/arm-none-eabi/5.4.1/../../../../arm-none-eabi/lib/armv7e-m/fpu\libc.a(lib_a-svfscanf.o)
                0x0000f9b4                __ssvfscanf_r
 .text._vdprintf_r
                0x0001083c       0x4c c:/users/walter/documents/arduino-1.8.8/hardware/tools/arm/bin/../lib/gcc/arm-none-eabi/5.4.1/../../../../arm-none-eabi/lib/armv7e-m/fpu\libc.a(lib_a-vdprintf.o)
                0x0001083c                _vdprintf_r
 .text.vdprintf
                0x00010888       0x18 c:/users/walter/documents/arduino-1.8.8/hardware/tools/arm/bin/../lib/gcc/arm-none-eabi/5.4.1/../../../../arm-none-eabi/lib/armv7e-m/fpu\libc.a(lib_a-vdprintf.o)
                0x00010888                vdprintf
 .text.__ascii_wctomb
                0x000108a0       0x1c c:/users/walter/documents/arduino-1.8.8/hardware/tools/arm/bin/../lib/gcc/arm-none-eabi/5.4.1/../../../../arm-none-eabi/lib/armv7e-m/fpu\libc.a(lib_a-wctomb_r.o)
                0x000108a0                __ascii_wctomb
 .text._write_r
                0x000108bc       0x2c c:/users/walter/documents/arduino-1.8.8/hardware/tools/arm/bin/../lib/gcc/arm-none-eabi/5.4.1/../../../../arm-none-eabi/lib/armv7e-m/fpu\libc.a(lib_a-writer.o)
                0x000108bc                _write_r
 .text.__register_exitproc
                0x000108e8       0xa4 c:/users/walter/documents/arduino-1.8.8/hardware/tools/arm/bin/../lib/gcc/arm-none-eabi/5.4.1/../../../../arm-none-eabi/lib/armv7e-m/fpu\libc.a(lib_a-__atexit.o)
                0x000108e8                __register_exitproc
 .text.startup.register_fini
                0x0001098c       0x14 c:/users/walter/documents/arduino-1.8.8/hardware/tools/arm/bin/../lib/gcc/arm-none-eabi/5.4.1/../../../../arm-none-eabi/lib/armv7e-m/fpu\libc.a(lib_a-__call_atexit.o)
 .text.atexit   0x000109a0        0xc c:/users/walter/documents/arduino-1.8.8/hardware/tools/arm/bin/../lib/gcc/arm-none-eabi/5.4.1/../../../../arm-none-eabi/lib/armv7e-m/fpu\libc.a(lib_a-atexit.o)
                0x000109a0                atexit
 .text.quorem   0x000109ac      0x128 c:/users/walter/documents/arduino-1.8.8/hardware/tools/arm/bin/../lib/gcc/arm-none-eabi/5.4.1/../../../../arm-none-eabi/lib/armv7e-m/fpu\libc.a(lib_a-dtoa.o)
 *fill*         0x00010ad4        0x4 ff
 .text._dtoa_r  0x00010ad8      0xe34 c:/users/walter/documents/arduino-1.8.8/hardware/tools/arm/bin/../lib/gcc/arm-none-eabi/5.4.1/../../../../arm-none-eabi/lib/armv7e-m/fpu\libc.a(lib_a-dtoa.o)
                0x00010ad8                _dtoa_r
 .text.__libc_fini_array
                0x0001190c       0x28 c:/users/walter/documents/arduino-1.8.8/hardware/tools/arm/bin/../lib/gcc/arm-none-eabi/5.4.1/../../../../arm-none-eabi/lib/armv7e-m/fpu\libc.a(lib_a-fini.o)
                0x0001190c                __libc_fini_array
 .text._malloc_trim_r
                0x00011934       0x9c c:/users/walter/documents/arduino-1.8.8/hardware/tools/arm/bin/../lib/gcc/arm-none-eabi/5.4.1/../../../../arm-none-eabi/lib/armv7e-m/fpu\libc.a(lib_a-freer.o)
                0x00011934                _malloc_trim_r
 .text._free_r  0x000119d0      0x1d0 c:/users/walter/documents/arduino-1.8.8/hardware/tools/arm/bin/../lib/gcc/arm-none-eabi/5.4.1/../../../../arm-none-eabi/lib/armv7e-m/fpu\libc.a(lib_a-freer.o)
                0x000119d0                _free_r
 .text.rshift   0x00011ba0       0xa8 c:/users/walter/documents/arduino-1.8.8/hardware/tools/arm/bin/../lib/gcc/arm-none-eabi/5.4.1/../../../../arm-none-eabi/lib/armv7e-m/fpu\libc.a(lib_a-gdtoa-gethex.o)
 .text.__gethex
                0x00011c48      0x510 c:/users/walter/documents/arduino-1.8.8/hardware/tools/arm/bin/../lib/gcc/arm-none-eabi/5.4.1/../../../../arm-none-eabi/lib/armv7e-m/fpu\libc.a(lib_a-gdtoa-gethex.o)
                0x00011c48                __gethex
 .text.__match  0x00012158       0x30 c:/users/walter/documents/arduino-1.8.8/hardware/tools/arm/bin/../lib/gcc/arm-none-eabi/5.4.1/../../../../arm-none-eabi/lib/armv7e-m/fpu\libc.a(lib_a-gdtoa-hexnan.o)
                0x00012158                __match
 .text.__hexnan
                0x00012188      0x180 c:/users/walter/documents/arduino-1.8.8/hardware/tools/arm/bin/../lib/gcc/arm-none-eabi/5.4.1/../../../../arm-none-eabi/lib/armv7e-m/fpu\libc.a(lib_a-gdtoa-hexnan.o)
                0x00012188                __hexnan
 .text.iswspace
                0x00012308       0x1c c:/users/walter/documents/arduino-1.8.8/hardware/tools/arm/bin/../lib/gcc/arm-none-eabi/5.4.1/../../../../arm-none-eabi/lib/armv7e-m/fpu\libc.a(lib_a-iswspace.o)
                0x00012308                iswspace
 .text.__localeconv_l
                0x00012324        0x4 c:/users/walter/documents/arduino-1.8.8/hardware/tools/arm/bin/../lib/gcc/arm-none-eabi/5.4.1/../../../../arm-none-eabi/lib/armv7e-m/fpu\libc.a(lib_a-localeconv.o)
                0x00012324                __localeconv_l
 .text._localeconv_r
                0x00012328       0x1c c:/users/walter/documents/arduino-1.8.8/hardware/tools/arm/bin/../lib/gcc/arm-none-eabi/5.4.1/../../../../arm-none-eabi/lib/armv7e-m/fpu\libc.a(lib_a-localeconv.o)
                0x00012328                _localeconv_r
 .text._mbrtowc_r
                0x00012344       0x5c c:/users/walter/documents/arduino-1.8.8/hardware/tools/arm/bin/../lib/gcc/arm-none-eabi/5.4.1/../../../../arm-none-eabi/lib/armv7e-m/fpu\libc.a(lib_a-mbrtowc.o)
                0x00012344                _mbrtowc_r
 .text          0x000123a0       0xa0 c:/users/walter/documents/arduino-1.8.8/hardware/tools/arm/bin/../lib/gcc/arm-none-eabi/5.4.1/../../../../arm-none-eabi/lib/armv7e-m/fpu\libc.a(lib_a-memchr.o)
                0x000123a0                memchr
 .text._Balloc  0x00012440       0x4c c:/users/walter/documents/arduino-1.8.8/hardware/tools/arm/bin/../lib/gcc/arm-none-eabi/5.4.1/../../../../arm-none-eabi/lib/armv7e-m/fpu\libc.a(lib_a-mprec.o)
                0x00012440                _Balloc
 .text._Bfree   0x0001248c       0x14 c:/users/walter/documents/arduino-1.8.8/hardware/tools/arm/bin/../lib/gcc/arm-none-eabi/5.4.1/../../../../arm-none-eabi/lib/armv7e-m/fpu\libc.a(lib_a-mprec.o)
                0x0001248c                _Bfree
 .text.__multadd
                0x000124a0       0x80 c:/users/walter/documents/arduino-1.8.8/hardware/tools/arm/bin/../lib/gcc/arm-none-eabi/5.4.1/../../../../arm-none-eabi/lib/armv7e-m/fpu\libc.a(lib_a-mprec.o)
                0x000124a0                __multadd
 .text.__s2b    0x00012520       0x98 c:/users/walter/documents/arduino-1.8.8/hardware/tools/arm/bin/../lib/gcc/arm-none-eabi/5.4.1/../../../../arm-none-eabi/lib/armv7e-m/fpu\libc.a(lib_a-mprec.o)
                0x00012520                __s2b
 .text.__hi0bits
                0x000125b8       0x40 c:/users/walter/documents/arduino-1.8.8/hardware/tools/arm/bin/../lib/gcc/arm-none-eabi/5.4.1/../../../../arm-none-eabi/lib/armv7e-m/fpu\libc.a(lib_a-mprec.o)
                0x000125b8                __hi0bits
 .text.__lo0bits
                0x000125f8       0x5c c:/users/walter/documents/arduino-1.8.8/hardware/tools/arm/bin/../lib/gcc/arm-none-eabi/5.4.1/../../../../arm-none-eabi/lib/armv7e-m/fpu\libc.a(lib_a-mprec.o)
                0x000125f8                __lo0bits
 .text.__i2b    0x00012654       0x14 c:/users/walter/documents/arduino-1.8.8/hardware/tools/arm/bin/../lib/gcc/arm-none-eabi/5.4.1/../../../../arm-none-eabi/lib/armv7e-m/fpu\libc.a(lib_a-mprec.o)
                0x00012654                __i2b
 .text.__multiply
                0x00012668      0x130 c:/users/walter/documents/arduino-1.8.8/hardware/tools/arm/bin/../lib/gcc/arm-none-eabi/5.4.1/../../../../arm-none-eabi/lib/armv7e-m/fpu\libc.a(lib_a-mprec.o)
                0x00012668                __multiply
 .text.__pow5mult
                0x00012798       0xa0 c:/users/walter/documents/arduino-1.8.8/hardware/tools/arm/bin/../lib/gcc/arm-none-eabi/5.4.1/../../../../arm-none-eabi/lib/armv7e-m/fpu\libc.a(lib_a-mprec.o)
                0x00012798                __pow5mult
 .text.__lshift
                0x00012838       0xb0 c:/users/walter/documents/arduino-1.8.8/hardware/tools/arm/bin/../lib/gcc/arm-none-eabi/5.4.1/../../../../arm-none-eabi/lib/armv7e-m/fpu\libc.a(lib_a-mprec.o)
                0x00012838                __lshift
 .text.__mcmp   0x000128e8       0x44 c:/users/walter/documents/arduino-1.8.8/hardware/tools/arm/bin/../lib/gcc/arm-none-eabi/5.4.1/../../../../arm-none-eabi/lib/armv7e-m/fpu\libc.a(lib_a-mprec.o)
                0x000128e8                __mcmp
 .text.__mdiff  0x0001292c      0x114 c:/users/walter/documents/arduino-1.8.8/hardware/tools/arm/bin/../lib/gcc/arm-none-eabi/5.4.1/../../../../arm-none-eabi/lib/armv7e-m/fpu\libc.a(lib_a-mprec.o)
                0x0001292c                __mdiff
 .text.__ulp    0x00012a40       0x54 c:/users/walter/documents/arduino-1.8.8/hardware/tools/arm/bin/../lib/gcc/arm-none-eabi/5.4.1/../../../../arm-none-eabi/lib/armv7e-m/fpu\libc.a(lib_a-mprec.o)
                0x00012a40                __ulp
 .text.__b2d    0x00012a94       0xd0 c:/users/walter/documents/arduino-1.8.8/hardware/tools/arm/bin/../lib/gcc/arm-none-eabi/5.4.1/../../../../arm-none-eabi/lib/armv7e-m/fpu\libc.a(lib_a-mprec.o)
                0x00012a94                __b2d
 .text.__d2b    0x00012b64       0xbc c:/users/walter/documents/arduino-1.8.8/hardware/tools/arm/bin/../lib/gcc/arm-none-eabi/5.4.1/../../../../arm-none-eabi/lib/armv7e-m/fpu\libc.a(lib_a-mprec.o)
                0x00012b64                __d2b
 .text.__ratio  0x00012c20       0x60 c:/users/walter/documents/arduino-1.8.8/hardware/tools/arm/bin/../lib/gcc/arm-none-eabi/5.4.1/../../../../arm-none-eabi/lib/armv7e-m/fpu\libc.a(lib_a-mprec.o)
                0x00012c20                __ratio
 .text.__copybits
                0x00012c80       0x48 c:/users/walter/documents/arduino-1.8.8/hardware/tools/arm/bin/../lib/gcc/arm-none-eabi/5.4.1/../../../../arm-none-eabi/lib/armv7e-m/fpu\libc.a(lib_a-mprec.o)
                0x00012c80                __copybits
 .text.__any_on
                0x00012cc8       0x60 c:/users/walter/documents/arduino-1.8.8/hardware/tools/arm/bin/../lib/gcc/arm-none-eabi/5.4.1/../../../../arm-none-eabi/lib/armv7e-m/fpu\libc.a(lib_a-mprec.o)
                0x00012cc8                __any_on
 .text.__sccl   0x00012d28       0x74 c:/users/walter/documents/arduino-1.8.8/hardware/tools/arm/bin/../lib/gcc/arm-none-eabi/5.4.1/../../../../arm-none-eabi/lib/armv7e-m/fpu\libc.a(lib_a-sccl.o)
                0x00012d28                __sccl
 .text.nanf     0x00012d9c        0xc c:/users/walter/documents/arduino-1.8.8/hardware/tools/arm/bin/../lib/gcc/arm-none-eabi/5.4.1/../../../../arm-none-eabi/lib/armv7e-m/fpu\libc.a(lib_a-sf_nan.o)
                0x00012d9c                nanf
 .text._strtoll_l.isra.0
                0x00012da8      0x1ac c:/users/walter/documents/arduino-1.8.8/hardware/tools/arm/bin/../lib/gcc/arm-none-eabi/5.4.1/../../../../arm-none-eabi/lib/armv7e-m/fpu\libc.a(lib_a-strtoll.o)
 .text._strtoll_r
                0x00012f54       0x24 c:/users/walter/documents/arduino-1.8.8/hardware/tools/arm/bin/../lib/gcc/arm-none-eabi/5.4.1/../../../../arm-none-eabi/lib/armv7e-m/fpu\libc.a(lib_a-strtoll.o)
                0x00012f54                _strtoll_r
 .text._strtoul_l.isra.0
                0x00012f78      0x168 c:/users/walter/documents/arduino-1.8.8/hardware/tools/arm/bin/../lib/gcc/arm-none-eabi/5.4.1/../../../../arm-none-eabi/lib/armv7e-m/fpu\libc.a(lib_a-strtoul.o)
 .text._strtoul_r
                0x000130e0       0x24 c:/users/walter/documents/arduino-1.8.8/hardware/tools/arm/bin/../lib/gcc/arm-none-eabi/5.4.1/../../../../arm-none-eabi/lib/armv7e-m/fpu\libc.a(lib_a-strtoul.o)
                0x000130e0                _strtoul_r
 .text._strtoull_l.isra.0
                0x00013104      0x1ec c:/users/walter/documents/arduino-1.8.8/hardware/tools/arm/bin/../lib/gcc/arm-none-eabi/5.4.1/../../../../arm-none-eabi/lib/armv7e-m/fpu\libc.a(lib_a-strtoull.o)
 .text._strtoull_r
                0x000132f0       0x24 c:/users/walter/documents/arduino-1.8.8/hardware/tools/arm/bin/../lib/gcc/arm-none-eabi/5.4.1/../../../../arm-none-eabi/lib/armv7e-m/fpu\libc.a(lib_a-strtoull.o)
                0x000132f0                _strtoull_r
 .text.__ssprint_r
                0x00013314      0x100 c:/users/walter/documents/arduino-1.8.8/hardware/tools/arm/bin/../lib/gcc/arm-none-eabi/5.4.1/../../../../arm-none-eabi/lib/armv7e-m/fpu\libc.a(lib_a-svfiprintf.o)
                0x00013314                __ssprint_r
 .text._sungetc_r
                0x00013414       0x84 c:/users/walter/documents/arduino-1.8.8/hardware/tools/arm/bin/../lib/gcc/arm-none-eabi/5.4.1/../../../../arm-none-eabi/lib/armv7e-m/fpu\libc.a(lib_a-svfiscanf.o)
                0x00013414                _sungetc_r
 .text.__ssrefill_r
                0x00013498       0x3c c:/users/walter/documents/arduino-1.8.8/hardware/tools/arm/bin/../lib/gcc/arm-none-eabi/5.4.1/../../../../arm-none-eabi/lib/armv7e-m/fpu\libc.a(lib_a-svfiscanf.o)
                0x00013498                __ssrefill_r
 .text._sfread_r
                0x000134d4       0x84 c:/users/walter/documents/arduino-1.8.8/hardware/tools/arm/bin/../lib/gcc/arm-none-eabi/5.4.1/../../../../arm-none-eabi/lib/armv7e-m/fpu\libc.a(lib_a-svfiscanf.o)
                0x000134d4                _sfread_r
 .text.__submore
                0x00013558       0x78 c:/users/walter/documents/arduino-1.8.8/hardware/tools/arm/bin/../lib/gcc/arm-none-eabi/5.4.1/../../../../arm-none-eabi/lib/armv7e-m/fpu\libc.a(lib_a-ungetc.o)
                0x00013558                __submore
 .text._vasnprintf_r
                0x000135d0       0x60 c:/users/walter/documents/arduino-1.8.8/hardware/tools/arm/bin/../lib/gcc/arm-none-eabi/5.4.1/../../../../arm-none-eabi/lib/armv7e-m/fpu\libc.a(lib_a-vasnprintf.o)
                0x000135d0                _vasnprintf_r
 .text._calloc_r
                0x00013630       0x60 c:/users/walter/documents/arduino-1.8.8/hardware/tools/arm/bin/../lib/gcc/arm-none-eabi/5.4.1/../../../../arm-none-eabi/lib/armv7e-m/fpu\libc.a(lib_a-callocr.o)
                0x00013630                _calloc_r
 *(.rodata*)
 .rodata._ZTV6FsFile
                0x00013690       0x24 bin\src/myAPP.o
                0x00013690                vtable for FsFile
 .rodata._ZTV6LoggerIlLi300ELi128ELi64EE
                0x000136b4       0x14 bin\src/myAPP.o
                0x000136b4                vtable for Logger<long, 300, 128, 64>
 .rodata.str1.4
                0x000136c8      0x459 bin\src/myAPP.o
                                0x46d (size before relaxing)
 *fill*         0x00013b21        0x3 ff
 .rodata._ZN7TwoWire13i2c0_hardwareE
                0x00013b24       0x20 bin\lib/Wire/WireKinetis.o
                0x00013b24                TwoWire::i2c0_hardware
 .rodata._ZN7TwoWire13i2c1_hardwareE
                0x00013b44       0x20 bin\lib/Wire/WireKinetis.o
                0x00013b44                TwoWire::i2c1_hardware
 .rodata._ZN7TwoWire13i2c2_hardwareE
                0x00013b64       0x20 bin\lib/Wire/WireKinetis.o
                0x00013b64                TwoWire::i2c2_hardware
 .rodata._ZTV7TwoWire
                0x00013b84       0x24 bin\lib/Wire/WireKinetis.o
                0x00013b84                vtable for TwoWire
 .rodata.str1.4
                0x00013ba8        0x6 bin\lib/SdFs/src/ExFatLib//ExFatPartition.o
 *fill*         0x00013bae        0x2 ff
 .rodata._ZTV9SdSpiCard
                0x00013bb0       0x58 bin\lib/SdFs/src/SdCard//SdSpiCard.o
                0x00013bb0                vtable for SdSpiCard
 .rodata._ZTV8SdioCard
                0x00013c08       0x58 bin\lib/SdFs/src/SdCard//SdioTeensy.o
                0x00013c08                vtable for SdioCard
 .rodata.str1.4
                0x00013c60        0xa bin\lib/SdFs/src/SdCard//SdioTeensy.o
 *fill*         0x00013c6a        0x2 ff
 .rodata.digital_pin_to_info_PGM
                0x00013c6c      0x200 bin\core.a(pins_teensy.o)
                0x00013c6c                digital_pin_to_info_PGM
 .rodata._ZTV16usb_serial_class
                0x00013e6c       0x28 bin\core.a(usb_inst.o)
                0x00013e6c                vtable for usb_serial_class
 .rodata        0x00013e94        0x2 bin\core.a(Print.o)
 *fill*         0x00013e96        0x2 ff
 .rodata.usb_endpoint_config_table
                0x00013e98        0x4 bin\core.a(usb_desc.o)
                0x00013e98                usb_endpoint_config_table
 .rodata.usb_descriptor_list
                0x00013e9c       0x54 bin\core.a(usb_desc.o)
                0x00013e9c                usb_descriptor_list
 .rodata._global_impure_ptr
                0x00013ef0        0x4 c:/users/walter/documents/arduino-1.8.8/hardware/tools/arm/bin/../lib/gcc/arm-none-eabi/5.4.1/../../../../arm-none-eabi/lib/armv7e-m/fpu\libc.a(lib_a-impure.o)
                0x00013ef0                _global_impure_ptr
 .rodata.str1.4
                0x00013ef4        0xe c:/users/walter/documents/arduino-1.8.8/hardware/tools/arm/bin/../lib/gcc/arm-none-eabi/5.4.1/../../../../arm-none-eabi/lib/armv7e-m/fpu\libc.a(lib_a-locale.o)
                                 0x12 (size before relaxing)
 *fill*         0x00013f02        0x2 ff
 .rodata.fpi.6173
                0x00013f04       0x14 c:/users/walter/documents/arduino-1.8.8/hardware/tools/arm/bin/../lib/gcc/arm-none-eabi/5.4.1/../../../../arm-none-eabi/lib/armv7e-m/fpu\libc.a(lib_a-strtod.o)
 .rodata.str1.4
                0x00013f18        0xf c:/users/walter/documents/arduino-1.8.8/hardware/tools/arm/bin/../lib/gcc/arm-none-eabi/5.4.1/../../../../arm-none-eabi/lib/armv7e-m/fpu\libc.a(lib_a-strtod.o)
 *fill*         0x00013f27        0x1 ff
 .rodata.fpinan.6209
                0x00013f28       0x14 c:/users/walter/documents/arduino-1.8.8/hardware/tools/arm/bin/../lib/gcc/arm-none-eabi/5.4.1/../../../../arm-none-eabi/lib/armv7e-m/fpu\libc.a(lib_a-strtod.o)
 *fill*         0x00013f3c        0x4 ff
 .rodata.tinytens
                0x00013f40       0x28 c:/users/walter/documents/arduino-1.8.8/hardware/tools/arm/bin/../lib/gcc/arm-none-eabi/5.4.1/../../../../arm-none-eabi/lib/armv7e-m/fpu\libc.a(lib_a-strtod.o)
 .rodata.zeroes.7258
                0x00013f68       0x10 c:/users/walter/documents/arduino-1.8.8/hardware/tools/arm/bin/../lib/gcc/arm-none-eabi/5.4.1/../../../../arm-none-eabi/lib/armv7e-m/fpu\libc.a(lib_a-svfprintf.o)
 .rodata.str1.4
                0x00013f78       0x42 c:/users/walter/documents/arduino-1.8.8/hardware/tools/arm/bin/../lib/gcc/arm-none-eabi/5.4.1/../../../../arm-none-eabi/lib/armv7e-m/fpu\libc.a(lib_a-svfprintf.o)
 *fill*         0x00013fba        0x2 ff
 .rodata.blanks.7257
                0x00013fbc       0x10 c:/users/walter/documents/arduino-1.8.8/hardware/tools/arm/bin/../lib/gcc/arm-none-eabi/5.4.1/../../../../arm-none-eabi/lib/armv7e-m/fpu\libc.a(lib_a-svfprintf.o)
 .rodata.basefix.7328
                0x00013fcc       0x22 c:/users/walter/documents/arduino-1.8.8/hardware/tools/arm/bin/../lib/gcc/arm-none-eabi/5.4.1/../../../../arm-none-eabi/lib/armv7e-m/fpu\libc.a(lib_a-svfscanf.o)
 *fill*         0x00013fee        0x2 ff
 .rodata.str1.4
                0x00013ff0        0x5 c:/users/walter/documents/arduino-1.8.8/hardware/tools/arm/bin/../lib/gcc/arm-none-eabi/5.4.1/../../../../arm-none-eabi/lib/armv7e-m/fpu\libc.a(lib_a-svfscanf.o)
 *fill*         0x00013ff5        0x3 ff
 .rodata._ctype_
                0x00013ff8      0x101 c:/users/walter/documents/arduino-1.8.8/hardware/tools/arm/bin/../lib/gcc/arm-none-eabi/5.4.1/../../../../arm-none-eabi/lib/armv7e-m/fpu\libc.a(lib_a-ctype_.o)
                0x00013ff8                _ctype_
 *fill*         0x000140f9        0x3 ff
 .rodata.str1.4
                0x000140fc       0x10 c:/users/walter/documents/arduino-1.8.8/hardware/tools/arm/bin/../lib/gcc/arm-none-eabi/5.4.1/../../../../arm-none-eabi/lib/armv7e-m/fpu\libc.a(lib_a-dtoa.o)
                                 0x12 (size before relaxing)
 .rodata.__hexdig
                0x0001410c      0x100 c:/users/walter/documents/arduino-1.8.8/hardware/tools/arm/bin/../lib/gcc/arm-none-eabi/5.4.1/../../../../arm-none-eabi/lib/armv7e-m/fpu\libc.a(lib_a-gdtoa-gethex.o)
                0x0001410c                __hexdig
 .rodata.str1.4
                0x0001420c        0x1 c:/users/walter/documents/arduino-1.8.8/hardware/tools/arm/bin/../lib/gcc/arm-none-eabi/5.4.1/../../../../arm-none-eabi/lib/armv7e-m/fpu\libc.a(lib_a-mbrtowc.o)
 *fill*         0x0001420c        0x4 ff
 .rodata.__mprec_tens
                0x00014210       0xc8 c:/users/walter/documents/arduino-1.8.8/hardware/tools/arm/bin/../lib/gcc/arm-none-eabi/5.4.1/../../../../arm-none-eabi/lib/armv7e-m/fpu\libc.a(lib_a-mprec.o)
                0x00014210                __mprec_tens
 .rodata.__mprec_bigtens
                0x000142d8       0x28 c:/users/walter/documents/arduino-1.8.8/hardware/tools/arm/bin/../lib/gcc/arm-none-eabi/5.4.1/../../../../arm-none-eabi/lib/armv7e-m/fpu\libc.a(lib_a-mprec.o)
                0x000142d8                __mprec_bigtens
 .rodata.p05.6087
                0x00014300        0xc c:/users/walter/documents/arduino-1.8.8/hardware/tools/arm/bin/../lib/gcc/arm-none-eabi/5.4.1/../../../../arm-none-eabi/lib/armv7e-m/fpu\libc.a(lib_a-mprec.o)
                0x0001430c                . = ALIGN (0x4)
 *(.init)
 .init          0x0001430c        0x4 c:/users/walter/documents/arduino-1.8.8/hardware/tools/arm/bin/../lib/gcc/arm-none-eabi/5.4.1/armv7e-m/fpu/crti.o
                0x0001430c                _init
 .init          0x00014310        0x8 c:/users/walter/documents/arduino-1.8.8/hardware/tools/arm/bin/../lib/gcc/arm-none-eabi/5.4.1/armv7e-m/fpu/crtn.o
                0x00014318                . = ALIGN (0x4)
                0x00014318                __preinit_array_start = .
 *(.preinit_array)
                0x00014318                __preinit_array_end = .
                0x00014318                __init_array_start = .
 *(SORT(.init_array.*))
 .init_array.00000
                0x00014318        0x4 c:/users/walter/documents/arduino-1.8.8/hardware/tools/arm/bin/../lib/gcc/arm-none-eabi/5.4.1/../../../../arm-none-eabi/lib/armv7e-m/fpu\libc.a(lib_a-__call_atexit.o)
 *(.init_array)
 .init_array    0x0001431c        0x4 c:/users/walter/documents/arduino-1.8.8/hardware/tools/arm/bin/../lib/gcc/arm-none-eabi/5.4.1/armv7e-m/fpu/crtbegin.o
 .init_array    0x00014320        0x4 bin\src/myAPP.o
                0x00014324                __init_array_end = .

.glue_7         0x00014324        0x0
 .glue_7        0x00014324        0x0 linker stubs

.glue_7t        0x00014324        0x0
 .glue_7t       0x00014324        0x0 linker stubs

.vfp11_veneer   0x00014324        0x0
 .vfp11_veneer  0x00014324        0x0 linker stubs

.v4_bx          0x00014324        0x0
 .v4_bx         0x00014324        0x0 linker stubs

.fini           0x00014324        0x4
 .fini          0x00014324        0x4 c:/users/walter/documents/arduino-1.8.8/hardware/tools/arm/bin/../lib/gcc/arm-none-eabi/5.4.1/armv7e-m/fpu/crti.o
                0x00014324                _fini

.iplt           0x00014328        0x0
 .iplt          0x00014328        0x0 c:/users/walter/documents/arduino-1.8.8/hardware/tools/arm/bin/../lib/gcc/arm-none-eabi/5.4.1/armv7e-m/fpu/crtbegin.o

.eh_frame       0x00014328        0x0
 .eh_frame      0x00014328        0x0 c:/users/walter/documents/arduino-1.8.8/hardware/tools/arm/bin/../lib/gcc/arm-none-eabi/5.4.1/armv7e-m/fpu/crtbegin.o

.ARM.exidx      0x00014328        0x8
                0x00014328                __exidx_start = .
 *(.ARM.exidx* .gnu.linkonce.armexidx.*)
 .ARM.exidx     0x00014328        0x8 c:/users/walter/documents/arduino-1.8.8/hardware/tools/arm/bin/../lib/gcc/arm-none-eabi/5.4.1/armv7e-m/fpu\libgcc.a(_udivmoddi4.o)
                0x00014330                __exidx_end = .
                0x00014330                _etext = .

.rel.dyn        0x00014330        0x0
 .rel.iplt      0x00014330        0x0 c:/users/walter/documents/arduino-1.8.8/hardware/tools/arm/bin/../lib/gcc/arm-none-eabi/5.4.1/armv7e-m/fpu/crtbegin.o

.usbdescriptortable
                0x1fff0000       0xa0
                0x1fff0000                . = ALIGN (0x200)
 *(.usbdescriptortable*)
 .usbdescriptortable
                0x1fff0000       0xa0 bin\core.a(usb_dev.o)

.dmabuffers     0x1fff0200      0x1d0
                0x1fff0200                . = ALIGN (0x4)
 *(.dmabuffers*)
 .dmabuffers    0x1fff0200      0x1d0 bin\core.a(mk20dx128.o)
                0x1fff0200                _VectorsRam

.usbbuffers     0x1fff03d0      0x360
                0x1fff03d0                . = ALIGN (0x4)
 *(.usbbuffers*)
 .usbbuffers    0x1fff03d0      0x360 bin\core.a(usb_mem.o)
                0x1fff03d0                usb_buffer_memory

.data           0x1fff0730      0xbc8 load address 0x00014330
                0x1fff0730                . = ALIGN (0x4)
                0x1fff0730                _sdata = .
 *(.fastrun*)
 *(.data*)
 .data          0x1fff0730        0x4 c:/users/walter/documents/arduino-1.8.8/hardware/tools/arm/bin/../lib/gcc/arm-none-eabi/5.4.1/armv7e-m/fpu/crtbegin.o
                0x1fff0730                __dso_handle
 .data.parameters
                0x1fff0734       0x12 bin\src/myAPP.o
                0x1fff0734                parameters
 *fill*         0x1fff0746        0x2 
 .data.Wire2    0x1fff0748       0x6c bin\lib/Wire/WireKinetis.o
                0x1fff0748                Wire2
 .data.Wire     0x1fff07b4       0x6c bin\lib/Wire/WireKinetis.o
                0x1fff07b4                Wire
 .data.Wire1    0x1fff0820       0x6c bin\lib/Wire/WireKinetis.o
                0x1fff0820                Wire1
 .data._ZL11m_errorCode
                0x1fff088c        0x1 bin\lib/SdFs/src/SdCard//SdioTeensy.o
 *fill*         0x1fff088d        0x3 
 .data.__brkval
                0x1fff0890        0x4 bin\core.a(mk20dx128.o)
                0x1fff0890                __brkval
 .data.usb_buffer_available
                0x1fff0894        0x4 bin\core.a(usb_mem.o)
 .data.Serial   0x1fff0898       0x10 bin\core.a(usb_inst.o)
                0x1fff0898                Serial
 .data.analog_config_bits
                0x1fff08a8        0x1 bin\core.a(analog.o)
 .data.analog_num_average
                0x1fff08a9        0x1 bin\core.a(analog.o)
 *fill*         0x1fff08aa        0x2 
 .data.device_descriptor
                0x1fff08ac       0x12 bin\core.a(usb_desc.o)
 *fill*         0x1fff08be        0x2 
 .data.usb_string_manufacturer_name_default
                0x1fff08c0       0x18 bin\core.a(usb_desc.o)
                0x1fff08c0                usb_string_manufacturer_name
                0x1fff08c0                usb_string_manufacturer_name_default
 .data.config_descriptor
                0x1fff08d8       0x43 bin\core.a(usb_desc.o)
 *fill*         0x1fff091b        0x1 
 .data.usb_string_product_name_default
                0x1fff091c       0x16 bin\core.a(usb_desc.o)
                0x1fff091c                usb_string_product_name_default
                0x1fff091c                usb_string_product_name
 *fill*         0x1fff0932        0x2 
 .data.string0  0x1fff0934        0x4 bin\core.a(usb_desc.o)
                0x1fff0934                string0
 .data.usb_string_serial_number_default
                0x1fff0938       0x16 bin\core.a(usb_desc.o)
                0x1fff0938                usb_string_serial_number
                0x1fff0938                usb_string_serial_number_default
 *fill*         0x1fff094e        0x2 
 .data.impure_data
                0x1fff0950      0x428 c:/users/walter/documents/arduino-1.8.8/hardware/tools/arm/bin/../lib/gcc/arm-none-eabi/5.4.1/../../../../arm-none-eabi/lib/armv7e-m/fpu\libc.a(lib_a-impure.o)
 .data._impure_ptr
                0x1fff0d78        0x4 c:/users/walter/documents/arduino-1.8.8/hardware/tools/arm/bin/../lib/gcc/arm-none-eabi/5.4.1/../../../../arm-none-eabi/lib/armv7e-m/fpu\libc.a(lib_a-impure.o)
                0x1fff0d78                _impure_ptr
 .data.__global_locale
                0x1fff0d7c      0x16c c:/users/walter/documents/arduino-1.8.8/hardware/tools/arm/bin/../lib/gcc/arm-none-eabi/5.4.1/../../../../arm-none-eabi/lib/armv7e-m/fpu\libc.a(lib_a-locale.o)
                0x1fff0d7c                __global_locale
 .data.__malloc_av_
                0x1fff0ee8      0x408 c:/users/walter/documents/arduino-1.8.8/hardware/tools/arm/bin/../lib/gcc/arm-none-eabi/5.4.1/../../../../arm-none-eabi/lib/armv7e-m/fpu\libc.a(lib_a-mallocr.o)
                0x1fff0ee8                __malloc_av_
 .data.__malloc_trim_threshold
                0x1fff12f0        0x4 c:/users/walter/documents/arduino-1.8.8/hardware/tools/arm/bin/../lib/gcc/arm-none-eabi/5.4.1/../../../../arm-none-eabi/lib/armv7e-m/fpu\libc.a(lib_a-mallocr.o)
                0x1fff12f0                __malloc_trim_threshold
 .data.__malloc_sbrk_base
                0x1fff12f4        0x4 c:/users/walter/documents/arduino-1.8.8/hardware/tools/arm/bin/../lib/gcc/arm-none-eabi/5.4.1/../../../../arm-none-eabi/lib/armv7e-m/fpu\libc.a(lib_a-mallocr.o)
                0x1fff12f4                __malloc_sbrk_base
                0x1fff12f8                . = ALIGN (0x4)
                0x1fff12f8                _edata = .

.jcr            0x1fff12f8        0x0 load address 0x00014ef8
 .jcr           0x1fff12f8        0x0 c:/users/walter/documents/arduino-1.8.8/hardware/tools/arm/bin/../lib/gcc/arm-none-eabi/5.4.1/armv7e-m/fpu/crtbegin.o

.igot.plt       0x1fff12f8        0x0 load address 0x00014ef8
 .igot.plt      0x1fff12f8        0x0 c:/users/walter/documents/arduino-1.8.8/hardware/tools/arm/bin/../lib/gcc/arm-none-eabi/5.4.1/armv7e-m/fpu/crtbegin.o

.noinit
 *(.noinit*)

.bss            0x1fff12f8    0x2f248 load address 0x00014ef8
                0x1fff12f8                . = ALIGN (0x4)
                0x1fff12f8                _sbss = .